npm notice run bidently-starter@0.1.0 build
npm notice run next build
unhandledRejection Error: Cannot find module 'caniuse-lite/dist/unpacker/agents'
Require stack:
- C:\Users\User\Downloads\New Projects\bidently-starter\node_modules\next\dist\compiled\browserslist\index.js
- C:\Users\User\Downloads\New Projects\bidently-starter\node_modules\next\dist\build\get-supported-browsers.js
- C:\Users\User\Downloads\New Projects\bidently-starter\node_modules\next\dist\build\utils.js
- C:\Users\User\Downloads\New Projects\bidently-starter\node_modules\next\dist\build\analysis\get-page-static-info.js
- C:\Users\User\Downloads\New Projects\bidently-starter\node_modules\next\dist\build\route-discovery.js
- C:\Users\User\Downloads\New Projects\bidently-starter\node_modules\next\dist\build\index.js
- C:\Users\User\Downloads\New Projects\bidently-starter\node_modules\next\dist\cli\next-build.js
    at ignore-listed frames {
  code: 'MODULE_NOT_FOUND',
  requireStack: [
    'C:\\Users\\User\\Downloads\\New Projects\\bidently-starter\\node_modules\\next\\dist\\compiled\\browserslist\\index.js',
    'C:\\Users\\User\\Downloads\\New Projects\\bidently-starter\\node_modules\\next\\dist\\build\\get-supported-browsers.js',
    'C:\\Users\\User\\Downloads\\New Projects\\bidently-starter\\node_modules\\next\\dist\\build\\utils.js',
    'C:\\Users\\User\\Downloads\\New Projects\\bidently-starter\\node_modules\\next\\dist\\build\\analysis\\get-page-static-info.js',
    'C:\\Users\\User\\Downloads\\New Projects\\bidently-starter\\node_modules\\next\\dist\\build\\route-discovery.js',
    'C:\\Users\\User\\Downloads\\New Projects\\bidently-starter\\node_modules\\next\\dist\\build\\index.js',
    'C:\\Users\\User\\Downloads\\New Projects\\bidently-starter\\node_modules\\next\\dist\\cli\\next-build.js'
  ]
}
