npm verbose cli C:\Program Files\nodejs\node.exe C:\Users\User\AppData\Roaming\npm\node_modules\npm\bin\npm-cli.js
npm info using npm@12.0.2
npm info using node@v24.19.0
npm verbose title npm install
npm verbose argv "install" "--loglevel" "verbose"
npm verbose logfile logs-max:10 dir:C:\Users\User\AppData\Local\npm-cache\_logs\2026-08-09T15_34_27_101Z-
npm verbose logfile C:\Users\User\AppData\Local\npm-cache\_logs\2026-08-09T15_34_27_101Z-debug-0.log
npm http fetch GET 200 https://registry.npmjs.org/bcryptjs 1062ms (cache revalidated)
npm http fetch GET 200 https://registry.npmjs.org/better-sqlite3 226ms (cache revalidated)
npm http fetch GET 200 https://registry.npmjs.org/drizzle-orm 638ms (cache revalidated)
npm http fetch GET 200 https://registry.npmjs.org/@aws-sdk%2fclient-rds-data 272ms (cache revalidated)
npm http fetch GET 200 https://registry.npmjs.org/@cloudflare%2fworkers-types 650ms (cache revalidated)
npm http fetch GET 200 https://registry.npmjs.org/@electric-sql%2fpglite 377ms (cache revalidated)
npm http fetch GET 200 https://registry.npmjs.org/@libsql%2fclient 242ms (cache revalidated)
npm http fetch GET 200 https://registry.npmjs.org/@libsql%2fclient-wasm 264ms (cache revalidated)
npm http fetch GET 200 https://registry.npmjs.org/@neondatabase%2fserverless 243ms (cache revalidated)
npm http fetch GET 200 https://registry.npmjs.org/@op-engineering%2fop-sqlite 453ms (cache revalidated)
npm http fetch GET 200 https://registry.npmjs.org/@sqlite.org%2fsqlite-wasm 676ms (cache revalidated)
npm http cache https://registry.npmjs.org/react 56ms (cache hit)
npm http fetch GET 200 https://registry.npmjs.org/react-native 349ms (cache revalidated)
npm http fetch GET 200 https://registry.npmjs.org/@react-native%2fjest-preset 221ms (cache revalidated)
npm http fetch GET 200 https://registry.npmjs.org/@types%2freact 224ms (cache revalidated)
npm http fetch GET 200 https://registry.npmjs.org/@opentelemetry%2fapi 275ms (cache revalidated)
npm http fetch GET 200 https://registry.npmjs.org/@planetscale%2fdatabase 464ms (cache revalidated)
npm http fetch GET 200 https://registry.npmjs.org/@prisma%2fclient 1166ms (cache revalidated)
npm http fetch GET 200 https://registry.npmjs.org/prisma 470ms (cache revalidated)
npm http fetch GET 200 https://registry.npmjs.org/typescript 276ms (cache revalidated)
npm http fetch GET 200 https://registry.npmjs.org/@tidbcloud%2fserverless 244ms (cache revalidated)
npm http fetch GET 200 https://registry.npmjs.org/@types%2fbetter-sqlite3 227ms (cache revalidated)
npm http fetch GET 200 https://registry.npmjs.org/@types%2fpg 221ms (cache revalidated)
npm http fetch GET 200 https://registry.npmjs.org/@types%2fsql.js 217ms (cache revalidated)
npm http fetch GET 200 https://registry.npmjs.org/@upstash%2fredis 255ms (cache revalidated)
npm http fetch GET 200 https://registry.npmjs.org/@vercel%2fpostgres 426ms (cache revalidated)
npm http fetch GET 200 https://registry.npmjs.org/@xata.io%2fclient 312ms (cache revalidated)
npm http fetch GET 200 https://registry.npmjs.org/bun-types 253ms (cache revalidated)
npm http fetch GET 200 https://registry.npmjs.org/expo-sqlite 235ms (cache revalidated)
npm http fetch GET 200 https://registry.npmjs.org/expo 236ms (cache revalidated)
npm http fetch GET 200 https://registry.npmjs.org/@expo%2fmetro-runtime 271ms (cache revalidated)
npm http fetch GET 200 https://registry.npmjs.org/react-dom 268ms (cache revalidated)
npm http fetch GET 200 https://registry.npmjs.org/react-native-web 229ms (cache revalidated)
npm http fetch GET 200 https://registry.npmjs.org/react-native-webview 225ms (cache revalidated)
npm http fetch GET 200 https://registry.npmjs.org/gel 241ms (cache revalidated)
npm http fetch GET 200 https://registry.npmjs.org/knex 223ms (cache revalidated)
npm http fetch GET 200 https://registry.npmjs.org/pg-query-stream 215ms (cache revalidated)
npm http fetch GET 200 https://registry.npmjs.org/pg 247ms (cache revalidated)
npm http fetch GET 200 https://registry.npmjs.org/pg-native 243ms (cache revalidated)
npm http fetch GET 200 https://registry.npmjs.org/kysely 236ms (cache revalidated)
npm http fetch GET 200 https://registry.npmjs.org/mysql2 232ms (cache revalidated)
npm http fetch GET 200 https://registry.npmjs.org/@types%2fnode 283ms (cache revalidated)
npm http fetch GET 200 https://registry.npmjs.org/postgres 417ms (cache revalidated)
npm http fetch GET 200 https://registry.npmjs.org/sql.js 221ms (cache revalidated)
npm http fetch GET 200 https://registry.npmjs.org/sqlite3 267ms (cache revalidated)
npm http fetch GET 200 https://registry.npmjs.org/jose 241ms (cache revalidated)
npm http fetch GET 200 https://registry.npmjs.org/lucide-react 257ms (cache revalidated)
npm http fetch GET 200 https://registry.npmjs.org/next 434ms (cache revalidated)
npm http fetch GET 200 https://registry.npmjs.org/@playwright%2ftest 260ms (cache revalidated)
npm http fetch GET 200 https://registry.npmjs.org/babel-plugin-react-compiler 233ms (cache revalidated)
npm http fetch GET 200 https://registry.npmjs.org/sass 268ms (cache revalidated)
npm http fetch GET 200 https://registry.npmjs.org/pdf-parse 223ms (cache revalidated)
npm http fetch GET 200 https://registry.npmjs.org/zod 202ms (cache revalidated)
npm http fetch GET 200 https://registry.npmjs.org/@tailwindcss%2fpostcss 696ms (cache revalidated)
npm http fetch GET 200 https://registry.npmjs.org/@types%2freact-dom 225ms (cache revalidated)
npm http fetch GET 200 https://registry.npmjs.org/drizzle-kit 411ms (cache revalidated)
npm http fetch GET 200 https://registry.npmjs.org/eslint 222ms (cache revalidated)
npm http fetch GET 200 https://registry.npmjs.org/jiti 1602ms (cache revalidated)
npm http fetch GET 200 https://registry.npmjs.org/eslint-config-next 319ms (cache revalidated)
npm http fetch GET 200 https://registry.npmjs.org/tailwindcss 314ms (cache revalidated)
npm http fetch GET 200 https://registry.npmjs.org/tsx 252ms (cache revalidated)
npm http cache https://registry.npmjs.org/tailwindcss 198ms (cache hit)
npm http cache https://registry.npmjs.org/@types%2fnode 371ms (cache hit)
npm http fetch GET 200 https://registry.npmjs.org/postcss 658ms (cache revalidated)
npm http fetch GET 200 https://registry.npmjs.org/@esbuild-kit%2fesm-loader 567ms (cache revalidated)
npm http fetch GET 200 https://registry.npmjs.org/debug 231ms (cache revalidated)
npm http fetch GET 200 https://registry.npmjs.org/espree 404ms (cache revalidated)
npm http fetch GET 200 https://registry.npmjs.org/csstype 1542ms (cache revalidated)
npm http fetch GET 200 https://registry.npmjs.org/esquery 230ms (cache revalidated)
npm http fetch GET 200 https://registry.npmjs.org/ignore 250ms (cache revalidated)
npm http fetch GET 200 https://registry.npmjs.org/@drizzle-team%2fbrocli 1937ms (cache revalidated)
npm http fetch GET 200 https://registry.npmjs.org/undici-types 1967ms (cache revalidated)
npm http fetch GET 200 https://registry.npmjs.org/esbuild 2002ms (cache revalidated)
npm http fetch GET 200 https://registry.npmjs.org/esutils 267ms (cache revalidated)
npm http fetch GET 200 https://registry.npmjs.org/find-up 310ms (cache revalidated)
npm http fetch GET 200 https://registry.npmjs.org/minimatch 369ms (cache revalidated)
npm http fetch GET 200 https://registry.npmjs.org/cross-spawn 257ms (cache revalidated)
npm http fetch GET 200 https://registry.npmjs.org/@tailwindcss%2fnode 2529ms (cache revalidated)
npm http fetch GET 200 https://registry.npmjs.org/chalk 1944ms (cache revalidated)
npm http fetch GET 200 https://registry.npmjs.org/optionator 807ms (cache revalidated)
npm http fetch GET 200 https://registry.npmjs.org/eslint-scope 279ms (cache revalidated)
npm http fetch GET 200 https://registry.npmjs.org/ajv 2315ms (cache revalidated)
npm http fetch GET 200 https://registry.npmjs.org/@eslint%2fcore 376ms (cache revalidated)
npm http fetch GET 200 https://registry.npmjs.org/imurmurhash 661ms (cache revalidated)
npm http fetch GET 200 https://registry.npmjs.org/lodash.merge 233ms (cache revalidated)
npm http fetch GET 200 https://registry.npmjs.org/node-addon-api 3123ms (cache revalidated)
npm http fetch GET 200 https://registry.npmjs.org/glob-parent 796ms (cache revalidated)
npm http fetch GET 200 https://registry.npmjs.org/@humanfs%2fnode 265ms (cache revalidated)
npm http fetch GET 200 https://registry.npmjs.org/@tailwindcss%2foxide 3228ms (cache revalidated)
npm http fetch GET 200 https://registry.npmjs.org/fast-deep-equal 342ms (cache revalidated)
npm http fetch GET 200 https://registry.npmjs.org/@types%2festree 351ms (cache revalidated)
npm http fetch GET 200 https://registry.npmjs.org/file-entry-cache 284ms (cache revalidated)
npm http fetch GET 200 https://registry.npmjs.org/@eslint%2feslintrc 314ms (cache revalidated)
npm http fetch GET 200 https://registry.npmjs.org/@eslint%2fplugin-kit 344ms (cache revalidated)
npm http fetch GET 200 https://registry.npmjs.org/eslint-visitor-keys 380ms (cache revalidated)
npm http fetch GET 200 https://registry.npmjs.org/@humanwhocodes%2fretry 283ms (cache revalidated)
npm http fetch GET 200 https://registry.npmjs.org/is-glob 1646ms (cache revalidated)
npm http fetch GET 200 https://registry.npmjs.org/@eslint%2fconfig-helpers 220ms (cache revalidated)
npm http fetch GET 200 https://registry.npmjs.org/json-stable-stringify-without-jsonify 235ms (cache revalidated)
npm http fetch GET 200 https://registry.npmjs.org/globals 219ms (cache revalidated)
npm http fetch GET 200 https://registry.npmjs.org/natural-compare 841ms (cache revalidated)
npm http fetch GET 200 https://registry.npmjs.org/@eslint%2fconfig-array 783ms (cache revalidated)
npm http fetch GET 200 https://registry.npmjs.org/eslint-plugin-react 276ms (cache revalidated)
npm http fetch GET 200 https://registry.npmjs.org/eslint-plugin-import 287ms (cache revalidated)
npm http fetch GET 200 https://registry.npmjs.org/escape-string-regexp 863ms (cache revalidated)
npm http fetch GET 200 https://registry.npmjs.org/@humanwhocodes%2fmodule-importer 732ms (cache revalidated)
npm http fetch GET 200 https://registry.npmjs.org/typescript-eslint 731ms (cache revalidated)
npm http fetch GET 200 https://registry.npmjs.org/eslint-plugin-react-hooks 389ms (cache revalidated)
npm http fetch GET 200 https://registry.npmjs.org/@eslint-community%2fregexpp 1230ms (cache revalidated)
npm http fetch GET 200 https://registry.npmjs.org/@next%2fenv 424ms (cache revalidated)
npm http fetch GET 200 https://registry.npmjs.org/eslint-import-resolver-node 716ms (cache revalidated)
npm http fetch GET 200 https://registry.npmjs.org/eslint-plugin-jsx-a11y 986ms (cache revalidated)
npm http fetch GET 200 https://registry.npmjs.org/@next%2feslint-plugin-next 851ms (cache revalidated)
npm http cache https://registry.npmjs.org/caniuse-lite 362ms (cache hit)
npm http fetch GET 200 https://registry.npmjs.org/eslint-import-resolver-typescript 942ms (cache revalidated)
npm http fetch GET 200 https://registry.npmjs.org/@eslint-community%2feslint-utils 1617ms (cache revalidated)
npm http fetch GET 200 https://registry.npmjs.org/styled-jsx 685ms (cache revalidated)
npm http fetch GET 200 https://registry.npmjs.org/@swc%2fhelpers 534ms (cache revalidated)
npm http fetch GET 200 https://registry.npmjs.org/baseline-browser-mapping 429ms (cache revalidated)
npm http fetch GET 200 https://registry.npmjs.org/@eslint%2fjs 3303ms (cache revalidated)
npm http fetch GET 200 https://registry.npmjs.org/sharp 512ms (cache revalidated)
npm http fetch GET 200 https://registry.npmjs.org/@alloc%2fquick-lru 5449ms (cache revalidated)
npm http fetch GET 200 https://registry.npmjs.org/@next%2fswc-linux-x64-gnu 412ms (cache revalidated)
npm http fetch GET 200 https://registry.npmjs.org/@next%2fswc-darwin-x64 692ms (cache revalidated)
npm http fetch GET 200 https://registry.npmjs.org/@next%2fswc-darwin-arm64 662ms (cache revalidated)
npm http fetch GET 200 https://registry.npmjs.org/@next%2fswc-win32-x64-msvc 639ms (cache revalidated)
npm http fetch GET 200 https://registry.npmjs.org/@next%2fswc-linux-x64-musl 723ms (cache revalidated)
npm http fetch GET 200 https://registry.npmjs.org/scheduler 638ms (cache revalidated)
npm http fetch GET 200 https://registry.npmjs.org/@next%2fswc-linux-arm64-gnu 919ms (cache revalidated)
npm http fetch GET 200 https://registry.npmjs.org/@next%2fswc-win32-arm64-msvc 889ms (cache revalidated)
npm http cache https://registry.npmjs.org/esbuild 790ms (cache hit)
npm http fetch GET 200 https://registry.npmjs.org/pdfjs-dist 993ms (cache revalidated)
npm http fetch GET 200 https://registry.npmjs.org/@next%2fswc-linux-arm64-musl 1308ms (cache revalidated)
npm http fetch GET 200 https://registry.npmjs.org/fsevents 962ms (cache revalidated)
npm http fetch GET 200 https://registry.npmjs.org/@napi-rs%2fcanvas 2068ms (cache revalidated)
npm http fetch GET 200 https://registry.npmjs.org/magic-string 249ms (cache revalidated)
npm http fetch GET 200 https://registry.npmjs.org/enhanced-resolve 264ms (cache revalidated)
npm http fetch GET 200 https://registry.npmjs.org/@jridgewell%2fremapping 275ms (cache revalidated)
npm http fetch GET 200 https://registry.npmjs.org/source-map-js 282ms (cache revalidated)
npm http fetch GET 200 https://registry.npmjs.org/lightningcss 293ms (cache revalidated)
npm http fetch GET 200 https://registry.npmjs.org/@tailwindcss%2foxide-wasm32-wasi 346ms (cache revalidated)
npm http fetch GET 200 https://registry.npmjs.org/@tailwindcss%2foxide-android-arm64 385ms (cache revalidated)
npm http fetch GET 200 https://registry.npmjs.org/@tailwindcss%2foxide-freebsd-x64 425ms (cache revalidated)
npm http fetch GET 200 https://registry.npmjs.org/@tailwindcss%2foxide-darwin-arm64 464ms (cache revalidated)
npm http fetch GET 200 https://registry.npmjs.org/@tailwindcss%2foxide-darwin-x64 506ms (cache revalidated)
npm http fetch GET 200 https://registry.npmjs.org/@tailwindcss%2foxide-linux-x64-gnu 603ms (cache revalidated)
npm http fetch GET 200 https://registry.npmjs.org/@tailwindcss%2foxide-win32-x64-msvc 482ms (cache revalidated)
npm http fetch GET 200 https://registry.npmjs.org/picocolors 337ms (cache revalidated)
npm http fetch GET 200 https://registry.npmjs.org/@tailwindcss%2foxide-win32-arm64-msvc 511ms (cache revalidated)
npm http fetch GET 200 https://registry.npmjs.org/@tailwindcss%2foxide-linux-x64-musl 577ms (cache revalidated)
npm http fetch GET 200 https://registry.npmjs.org/@tailwindcss%2foxide-linux-arm64-musl 588ms (cache revalidated)
npm http fetch GET 200 https://registry.npmjs.org/@tailwindcss%2foxide-linux-arm64-gnu 628ms (cache revalidated)
npm http fetch GET 200 https://registry.npmjs.org/nanoid 550ms (cache revalidated)
npm http fetch GET 200 https://registry.npmjs.org/@tailwindcss%2foxide-linux-arm-gnueabihf 610ms (cache revalidated)
npm http fetch GET 200 https://registry.npmjs.org/graceful-fs 231ms (cache revalidated)
npm http fetch GET 200 https://registry.npmjs.org/@jridgewell%2ftrace-mapping 273ms (cache revalidated)
npm http fetch GET 200 https://registry.npmjs.org/lightningcss-darwin-x64 280ms (cache revalidated)
npm http fetch GET 200 https://registry.npmjs.org/detect-libc 285ms (cache revalidated)
npm http fetch GET 200 https://registry.npmjs.org/lightningcss-freebsd-x64 299ms (cache revalidated)
npm http fetch GET 200 https://registry.npmjs.org/tapable 314ms (cache revalidated)
npm http fetch GET 200 https://registry.npmjs.org/@jridgewell%2fgen-mapping 323ms (cache revalidated)
npm http fetch GET 200 https://registry.npmjs.org/lightningcss-linux-x64-musl 321ms (cache revalidated)
npm http fetch GET 200 https://registry.npmjs.org/lightningcss-android-arm64 326ms (cache revalidated)
npm http fetch GET 200 https://registry.npmjs.org/lightningcss-darwin-arm64 330ms (cache revalidated)
npm http fetch GET 200 https://registry.npmjs.org/lightningcss-linux-x64-gnu 335ms (cache revalidated)
npm http fetch GET 200 https://registry.npmjs.org/lightningcss-win32-x64-msvc 258ms (cache revalidated)
npm http fetch GET 200 https://registry.npmjs.org/lightningcss-linux-arm64-gnu 273ms (cache revalidated)
npm http fetch GET 200 https://registry.npmjs.org/lightningcss-win32-arm64-msvc 279ms (cache revalidated)
npm http fetch GET 200 https://registry.npmjs.org/lightningcss-linux-arm64-musl 286ms (cache revalidated)
npm http fetch GET 200 https://registry.npmjs.org/@jridgewell%2fsourcemap-codec 684ms (cache revalidated)
npm http fetch GET 200 https://registry.npmjs.org/lightningcss-linux-arm-gnueabihf 2068ms (cache revalidated)
npm http fetch GET 200 https://registry.npmjs.org/@jridgewell%2fresolve-uri 259ms (cache revalidated)
npm http fetch GET 200 https://registry.npmjs.org/@esbuild%2fnetbsd-x64 384ms (cache revalidated)
npm http fetch GET 200 https://registry.npmjs.org/@esbuild%2flinux-x64 402ms (cache revalidated)
npm http fetch GET 200 https://registry.npmjs.org/get-tsconfig 419ms (cache revalidated)
npm http fetch GET 200 https://registry.npmjs.org/@esbuild%2fsunos-x64 422ms (cache revalidated)
npm http fetch GET 200 https://registry.npmjs.org/@esbuild%2flinux-arm 430ms (cache revalidated)
npm http fetch GET 200 https://registry.npmjs.org/@esbuild%2fwin32-x64 437ms (cache revalidated)
npm http fetch GET 200 https://registry.npmjs.org/@esbuild%2faix-ppc64 461ms (cache revalidated)
npm http fetch GET 200 https://registry.npmjs.org/@esbuild%2flinux-ia32 643ms (cache revalidated)
npm http fetch GET 200 https://registry.npmjs.org/@esbuild%2ffreebsd-x64 299ms (cache revalidated)
npm http fetch GET 200 https://registry.npmjs.org/@esbuild%2flinux-arm64 355ms (cache revalidated)
npm http fetch GET 200 https://registry.npmjs.org/@esbuild%2fopenbsd-x64 324ms (cache revalidated)
npm http fetch GET 200 https://registry.npmjs.org/@esbuild%2fandroid-arm 423ms (cache revalidated)
npm http fetch GET 200 https://registry.npmjs.org/@esbuild%2flinux-ppc64 395ms (cache revalidated)
npm http fetch GET 200 https://registry.npmjs.org/@esbuild%2flinux-s390x 405ms (cache revalidated)
npm http fetch GET 200 https://registry.npmjs.org/@esbuild-kit%2fcore-utils 896ms (cache revalidated)
npm http fetch GET 200 https://registry.npmjs.org/@esbuild%2fwin32-ia32 899ms (cache revalidated)
npm http fetch GET 200 https://registry.npmjs.org/@esbuild%2fdarwin-x64 916ms (cache revalidated)
npm http fetch GET 200 https://registry.npmjs.org/@esbuild%2fwin32-arm64 341ms (cache revalidated)
npm http fetch GET 200 https://registry.npmjs.org/@esbuild%2fandroid-x64 593ms (cache revalidated)
npm http fetch GET 200 https://registry.npmjs.org/@esbuild%2fdarwin-arm64 328ms (cache revalidated)
npm http fetch GET 200 https://registry.npmjs.org/@esbuild%2fnetbsd-arm64 435ms (cache revalidated)
npm http fetch GET 200 https://registry.npmjs.org/@esbuild%2flinux-loong64 395ms (cache revalidated)
npm http fetch GET 200 https://registry.npmjs.org/@esbuild%2ffreebsd-arm64 411ms (cache revalidated)
npm http fetch GET 200 https://registry.npmjs.org/@esbuild%2fopenharmony-arm64 335ms (cache revalidated)
npm http fetch GET 200 https://registry.npmjs.org/@esbuild%2flinux-mips64el 369ms (cache revalidated)
npm http fetch GET 200 https://registry.npmjs.org/@esbuild%2fandroid-arm64 525ms (cache revalidated)
npm http fetch GET 200 https://registry.npmjs.org/@esbuild%2fopenbsd-arm64 518ms (cache revalidated)
npm http fetch GET 200 https://registry.npmjs.org/@esbuild%2flinux-riscv64 955ms (cache revalidated)
npm http cache https://registry.npmjs.org/esbuild 36ms (cache hit)
npm http fetch GET 200 https://registry.npmjs.org/source-map-support 258ms (cache revalidated)
npm http fetch GET 200 https://registry.npmjs.org/resolve-pkg-maps 271ms (cache revalidated)
npm http fetch GET 200 https://registry.npmjs.org/buffer-from 340ms (cache revalidated)
npm http fetch GET 200 https://registry.npmjs.org/source-map 353ms (cache revalidated)
npm http cache https://registry.npmjs.org/eslint 36ms (cache hit)
npm http fetch GET 200 https://registry.npmjs.org/import-fresh 301ms (cache revalidated)
npm http fetch GET 200 https://registry.npmjs.org/js-yaml 348ms (cache revalidated)
npm http fetch GET 200 https://registry.npmjs.org/@eslint%2fobject-schema 371ms (cache revalidated)
npm http fetch GET 200 https://registry.npmjs.org/strip-json-comments 372ms (cache revalidated)
npm http fetch GET 200 https://registry.npmjs.org/json-schema-traverse 368ms (cache revalidated)
npm http fetch GET 200 https://registry.npmjs.org/fast-json-stable-stringify 374ms (cache revalidated)
npm http fetch GET 200 https://registry.npmjs.org/@types%2fjson-schema 403ms (cache revalidated)
npm http fetch GET 200 https://registry.npmjs.org/@humanfs%2ftypes 399ms (cache revalidated)
npm http fetch GET 200 https://registry.npmjs.org/ansi-styles 295ms (cache revalidated)
npm http fetch GET 200 https://registry.npmjs.org/path-key 295ms (cache revalidated)
npm http fetch GET 200 https://registry.npmjs.org/shebang-command 297ms (cache revalidated)
npm http fetch GET 200 https://registry.npmjs.org/which 327ms (cache revalidated)
npm http fetch GET 200 https://registry.npmjs.org/supports-color 350ms (cache revalidated)
npm http fetch GET 200 https://registry.npmjs.org/uri-js 737ms (cache revalidated)
npm http fetch GET 200 https://registry.npmjs.org/levn 800ms (cache revalidated)
npm http fetch GET 200 https://registry.npmjs.org/acorn 233ms (cache revalidated)
npm http fetch GET 200 https://registry.npmjs.org/acorn-jsx 308ms (cache revalidated)
npm http fetch GET 200 https://registry.npmjs.org/estraverse 344ms (cache revalidated)
npm http fetch GET 200 https://registry.npmjs.org/estraverse 712ms (cache revalidated)
npm http fetch GET 200 https://registry.npmjs.org/brace-expansion 267ms (cache revalidated)
npm http fetch GET 200 https://registry.npmjs.org/deep-is 273ms (cache revalidated)
npm http fetch GET 200 https://registry.npmjs.org/word-wrap 282ms (cache revalidated)
npm http fetch GET 200 https://registry.npmjs.org/flat-cache 762ms (cache revalidated)
npm http fetch GET 200 https://registry.npmjs.org/ms 1129ms (cache revalidated)
npm http fetch GET 200 https://registry.npmjs.org/is-extglob 748ms (cache revalidated)
npm http fetch GET 200 https://registry.npmjs.org/fast-levenshtein 338ms (cache revalidated)
npm http fetch GET 200 https://registry.npmjs.org/esrecurse 1364ms (cache revalidated)
npm http fetch GET 200 https://registry.npmjs.org/locate-path 1176ms (cache revalidated)
npm http fetch GET 200 https://registry.npmjs.org/type-check 1133ms (cache revalidated)
npm http fetch GET 200 https://registry.npmjs.org/prelude-ls 2054ms (cache revalidated)
npm http fetch GET 200 https://registry.npmjs.org/@humanfs%2fcore 7034ms (cache revalidated)
npm http fetch GET 200 https://registry.npmjs.org/path-exists 13313ms (cache revalidated)
npm http fetch GET 200 https://registry.npmjs.org/resolve-from 359ms (cache revalidated)
npm http fetch GET 200 https://registry.npmjs.org/argparse 353ms (cache revalidated)
npm http fetch GET 200 https://registry.npmjs.org/parent-module 523ms (cache revalidated)
npm http fetch GET 200 https://registry.npmjs.org/punycode 290ms (cache revalidated)
npm http fetch GET 200 https://registry.npmjs.org/color-convert 1088ms (cache revalidated)
npm http fetch GET 200 https://registry.npmjs.org/has-flag 1223ms (cache revalidated)
npm http fetch GET 200 https://registry.npmjs.org/color-name 1168ms (cache revalidated)
npm http fetch GET 200 https://registry.npmjs.org/isexe 249ms (cache revalidated)
npm http fetch GET 200 https://registry.npmjs.org/shebang-regex 271ms (cache revalidated)
npm http cache https://registry.npmjs.org/eslint 105ms (cache hit)
npm http cache https://registry.npmjs.org/typescript 754ms (cache hit)
npm http cache https://registry.npmjs.org/typescript 1049ms (cache hit)
npm http cache https://registry.npmjs.org/eslint 281ms (cache hit)
npm http cache https://registry.npmjs.org/eslint 134ms (cache hit)
npm http cache https://registry.npmjs.org/eslint 55ms (cache hit)
npm http fetch GET 200 https://registry.npmjs.org/eslint-plugin-import-x 495ms (cache revalidated)
npm http fetch GET 200 https://registry.npmjs.org/@typescript-eslint%2futils 514ms (cache revalidated)
npm http fetch GET 200 https://registry.npmjs.org/tinyglobby 864ms (cache revalidated)
npm http fetch GET 200 https://registry.npmjs.org/stable-hash 876ms (cache revalidated)
npm http fetch GET 200 https://registry.npmjs.org/fast-glob 913ms (cache revalidated)
npm http fetch GET 200 https://registry.npmjs.org/@rtsao%2fscc 882ms (cache revalidated)
npm http fetch GET 200 https://registry.npmjs.org/unrs-resolver 915ms (cache revalidated)
npm http fetch GET 200 https://registry.npmjs.org/is-core-module 938ms (cache revalidated)
npm http fetch GET 200 https://registry.npmjs.org/is-bun-module 937ms (cache revalidated)
npm http fetch GET 200 https://registry.npmjs.org/array-includes 920ms (cache revalidated)
npm http fetch GET 200 https://registry.npmjs.org/resolve 1005ms (cache revalidated)
npm http fetch GET 200 https://registry.npmjs.org/array.prototype.findlastindex 1004ms (cache revalidated)
npm http fetch GET 200 https://registry.npmjs.org/@nolyfill%2fis-core-module 1040ms (cache revalidated)
npm http fetch GET 200 https://registry.npmjs.org/array.prototype.flatmap 433ms (cache revalidated)
npm http fetch GET 200 https://registry.npmjs.org/array.prototype.flat 463ms (cache revalidated)
npm http fetch GET 200 https://registry.npmjs.org/object.fromentries 488ms (cache revalidated)
npm http fetch GET 200 https://registry.npmjs.org/doctrine 533ms (cache revalidated)
npm http fetch GET 200 https://registry.npmjs.org/object.groupby 508ms (cache revalidated)
npm http fetch GET 200 https://registry.npmjs.org/hasown 531ms (cache revalidated)
npm http fetch GET 200 https://registry.npmjs.org/eslint-module-utils 546ms (cache revalidated)
npm http fetch GET 200 https://registry.npmjs.org/semver 530ms (cache revalidated)
npm http fetch GET 200 https://registry.npmjs.org/object.values 575ms (cache revalidated)
npm http fetch GET 200 https://registry.npmjs.org/string.prototype.trimend 506ms (cache revalidated)
npm http fetch GET 200 https://registry.npmjs.org/tsconfig-paths 499ms (cache revalidated)
npm http fetch GET 200 https://registry.npmjs.org/aria-query 451ms (cache revalidated)
npm http fetch GET 200 https://registry.npmjs.org/ast-types-flow 479ms (cache revalidated)
npm http fetch GET 200 https://registry.npmjs.org/axobject-query 438ms (cache revalidated)
npm http fetch GET 200 https://registry.npmjs.org/damerau-levenshtein 432ms (cache revalidated)
npm http fetch GET 200 https://registry.npmjs.org/jsx-ast-utils 443ms (cache revalidated)
npm http fetch GET 200 https://registry.npmjs.org/axe-core 620ms (cache revalidated)
npm http fetch GET 200 https://registry.npmjs.org/language-tags 1024ms (cache revalidated)
npm http fetch GET 200 https://registry.npmjs.org/safe-regex-test 1028ms (cache revalidated)
npm http fetch GET 200 https://registry.npmjs.org/string.prototype.includes 1032ms (cache revalidated)
npm http fetch GET 200 https://registry.npmjs.org/array.prototype.findlast 1041ms (cache revalidated)
npm http fetch GET 200 https://registry.npmjs.org/emoji-regex 1199ms (cache revalidated)
npm http fetch GET 200 https://registry.npmjs.org/array.prototype.tosorted 899ms (cache revalidated)
npm http cache https://registry.npmjs.org/jsx-ast-utils 795ms (cache hit)
npm http cache https://registry.npmjs.org/@typescript-eslint%2futils 226ms (cache hit)
npm http fetch GET 200 https://registry.npmjs.org/string.prototype.repeat 553ms (cache revalidated)
npm http fetch GET 200 https://registry.npmjs.org/string.prototype.matchall 566ms (cache revalidated)
npm http fetch GET 200 https://registry.npmjs.org/@babel%2fcore 540ms (cache revalidated)
npm http fetch GET 200 https://registry.npmjs.org/hermes-parser 536ms (cache revalidated)
npm http fetch GET 200 https://registry.npmjs.org/@babel%2fparser 590ms (cache revalidated)
npm http fetch GET 200 https://registry.npmjs.org/prop-types 1333ms (cache revalidated)
npm http fetch GET 200 https://registry.npmjs.org/es-iterator-helpers 1456ms (cache revalidated)
npm http fetch GET 200 https://registry.npmjs.org/object.entries 1397ms (cache revalidated)
npm http fetch GET 200 https://registry.npmjs.org/@typescript-eslint%2fparser 765ms (cache revalidated)
npm http fetch GET 200 https://registry.npmjs.org/zod-validation-error 1154ms (cache revalidated)
npm http fetch GET 200 https://registry.npmjs.org/@typescript-eslint%2feslint-plugin 1136ms (cache revalidated)
npm http fetch GET 200 https://registry.npmjs.org/@typescript-eslint%2ftypescript-estree 1699ms (cache revalidated)
npm http cache https://registry.npmjs.org/merge2 160ms (cache hit)
npm http cache https://registry.npmjs.org/micromatch 170ms (cache hit)
npm http cache https://registry.npmjs.org/@nodelib%2ffs.stat 177ms (cache hit)
npm http cache https://registry.npmjs.org/@nodelib%2ffs.walk 189ms (cache hit)
npm http cache https://registry.npmjs.org/object-keys 185ms (cache hit)
npm http cache https://registry.npmjs.org/es-errors 222ms (cache hit)
npm http cache https://registry.npmjs.org/node-exports-info 244ms (cache hit)
npm http cache https://registry.npmjs.org/supports-preserve-symlinks-flag 248ms (cache hit)
npm http cache https://registry.npmjs.org/path-parse 275ms (cache hit)
npm http cache https://registry.npmjs.org/@unrs%2fresolver-binding-darwin-arm64 247ms (cache hit)
npm http cache https://registry.npmjs.org/@unrs%2fresolver-binding-linux-arm64-gnu 256ms (cache hit)
npm http cache https://registry.npmjs.org/napi-postinstall 267ms (cache hit)
npm http cache https://registry.npmjs.org/fdir 282ms (cache hit)
npm http cache https://registry.npmjs.org/@unrs%2fresolver-binding-linux-arm64-musl 290ms (cache hit)
npm http cache https://registry.npmjs.org/picomatch 307ms (cache hit)
npm http cache https://registry.npmjs.org/@unrs%2fresolver-binding-android-arm64 321ms (cache hit)
npm http cache https://registry.npmjs.org/@unrs%2fresolver-binding-android-arm-eabi 320ms (cache hit)
npm http cache https://registry.npmjs.org/@unrs%2fresolver-binding-win32-arm64-msvc 329ms (cache hit)
npm http cache https://registry.npmjs.org/@unrs%2fresolver-binding-openharmony-arm64 336ms (cache hit)
npm http cache https://registry.npmjs.org/@unrs%2fresolver-binding-linux-arm-gnueabihf 336ms (cache hit)
npm http cache https://registry.npmjs.org/@unrs%2fresolver-binding-linux-arm-musleabihf 195ms (cache hit)
npm http cache https://registry.npmjs.org/@unrs%2fresolver-binding-linux-loong64-gnu 185ms (cache hit)
npm http cache https://registry.npmjs.org/@unrs%2fresolver-binding-win32-ia32-msvc 210ms (cache hit)
npm http cache https://registry.npmjs.org/@unrs%2fresolver-binding-linux-loong64-musl 188ms (cache hit)
npm http cache https://registry.npmjs.org/@unrs%2fresolver-binding-linux-riscv64-gnu 175ms (cache hit)
npm http cache https://registry.npmjs.org/@unrs%2fresolver-binding-linux-ppc64-gnu 198ms (cache hit)
npm http cache https://registry.npmjs.org/@unrs%2fresolver-binding-linux-riscv64-musl 183ms (cache hit)
npm http cache https://registry.npmjs.org/@unrs%2fresolver-binding-wasm32-wasi 179ms (cache hit)
npm http cache https://registry.npmjs.org/@unrs%2fresolver-binding-linux-s390x-gnu 194ms (cache hit)
npm http cache https://registry.npmjs.org/@unrs%2fresolver-binding-darwin-x64 188ms (cache hit)
npm http cache https://registry.npmjs.org/@unrs%2fresolver-binding-win32-x64-msvc 192ms (cache hit)
npm http cache https://registry.npmjs.org/@unrs%2fresolver-binding-linux-x64-musl 104ms (cache hit)
npm http cache https://registry.npmjs.org/@unrs%2fresolver-binding-linux-x64-gnu 142ms (cache hit)
npm http cache https://registry.npmjs.org/@unrs%2fresolver-binding-freebsd-x64 169ms (cache hit)
npm http cache https://registry.npmjs.org/math-intrinsics 221ms (cache hit)
npm http cache https://registry.npmjs.org/call-bind 233ms (cache hit)
npm http cache https://registry.npmjs.org/call-bind 231ms (cache hit)
npm http cache https://registry.npmjs.org/es-object-atoms 246ms (cache hit)
npm http cache https://registry.npmjs.org/define-properties 241ms (cache hit)
npm http cache https://registry.npmjs.org/define-properties 260ms (cache hit)
npm http cache https://registry.npmjs.org/es-abstract 262ms (cache hit)
npm http cache https://registry.npmjs.org/get-intrinsic 278ms (cache hit)
npm http cache https://registry.npmjs.org/call-bound 289ms (cache hit)
npm http cache https://registry.npmjs.org/call-bound 337ms (cache hit)
npm http cache https://registry.npmjs.org/is-string 342ms (cache hit)
npm http cache https://registry.npmjs.org/es-object-atoms 201ms (cache hit)
npm http cache https://registry.npmjs.org/define-properties 201ms (cache hit)
npm http cache https://registry.npmjs.org/es-abstract 234ms (cache hit)
npm http cache https://registry.npmjs.org/es-abstract 259ms (cache hit)
npm http cache https://registry.npmjs.org/es-shim-unscopables 277ms (cache hit)
npm http cache https://registry.npmjs.org/es-shim-unscopables 330ms (cache hit)
npm http cache https://registry.npmjs.org/json5 268ms (cache hit)
npm http cache https://registry.npmjs.org/function-bind 336ms (cache hit)
npm http cache https://registry.npmjs.org/minimist 286ms (cache hit)
npm http cache https://registry.npmjs.org/strip-bom 300ms (cache hit)
npm http cache https://registry.npmjs.org/es-shim-unscopables 417ms (cache hit)
npm http cache https://registry.npmjs.org/@types%2fjson5 272ms (cache hit)
npm http cache https://registry.npmjs.org/set-function-length 205ms (cache hit)
npm http cache https://registry.npmjs.org/call-bind-apply-helpers 216ms (cache hit)
npm http cache https://registry.npmjs.org/array-buffer-byte-length 224ms (cache hit)
npm http cache https://registry.npmjs.org/arraybuffer.prototype.slice 229ms (cache hit)
npm http cache https://registry.npmjs.org/es-define-property 240ms (cache hit)
npm http cache https://registry.npmjs.org/define-data-property 242ms (cache hit)
npm http cache https://registry.npmjs.org/data-view-byte-length 237ms (cache hit)
npm http cache https://registry.npmjs.org/call-bind-apply-helpers 254ms (cache hit)
npm http cache https://registry.npmjs.org/has-property-descriptors 259ms (cache hit)
npm http cache https://registry.npmjs.org/available-typed-arrays 257ms (cache hit)
npm http cache https://registry.npmjs.org/data-view-buffer 266ms (cache hit)
npm http cache https://registry.npmjs.org/es-set-tostringtag 129ms (cache hit)
npm http cache https://registry.npmjs.org/es-define-property 143ms (cache hit)
npm http cache https://registry.npmjs.org/es-to-primitive 139ms (cache hit)
npm http cache https://registry.npmjs.org/data-view-byte-offset 168ms (cache hit)
npm http cache https://registry.npmjs.org/function.prototype.name 141ms (cache hit)
npm http cache https://registry.npmjs.org/get-symbol-description 140ms (cache hit)
npm http cache https://registry.npmjs.org/get-proto 158ms (cache hit)
npm http cache https://registry.npmjs.org/gopd 147ms (cache hit)
npm http cache https://registry.npmjs.org/has-symbols 139ms (cache hit)
npm http cache https://registry.npmjs.org/globalthis 177ms (cache hit)
npm http cache https://registry.npmjs.org/has-proto 183ms (cache hit)
npm http cache https://registry.npmjs.org/internal-slot 206ms (cache hit)
npm http cache https://registry.npmjs.org/is-array-buffer 211ms (cache hit)
npm http cache https://registry.npmjs.org/is-callable 217ms (cache hit)
npm http cache https://registry.npmjs.org/is-negative-zero 208ms (cache hit)
npm http cache https://registry.npmjs.org/is-set 207ms (cache hit)
npm http cache https://registry.npmjs.org/is-shared-array-buffer 203ms (cache hit)
npm http cache https://registry.npmjs.org/is-data-view 247ms (cache hit)
npm http cache https://registry.npmjs.org/is-regex 234ms (cache hit)
npm http cache https://registry.npmjs.org/is-typed-array 209ms (cache hit)
npm http cache https://registry.npmjs.org/is-weakref 211ms (cache hit)
npm http cache https://registry.npmjs.org/object-inspect 233ms (cache hit)
npm http cache https://registry.npmjs.org/own-keys 209ms (cache hit)
npm http cache https://registry.npmjs.org/object.assign 241ms (cache hit)
npm http cache https://registry.npmjs.org/set-proto 203ms (cache hit)
npm http cache https://registry.npmjs.org/safe-push-apply 222ms (cache hit)
npm http cache https://registry.npmjs.org/regexp.prototype.flags 259ms (cache hit)
npm http cache https://registry.npmjs.org/string.prototype.trimstart 222ms (cache hit)
npm http cache https://registry.npmjs.org/typed-array-buffer 220ms (cache hit)
npm http cache https://registry.npmjs.org/safe-array-concat 276ms (cache hit)
npm http cache https://registry.npmjs.org/string.prototype.trim 260ms (cache hit)
npm http cache https://registry.npmjs.org/stop-iteration-iterator 274ms (cache hit)
npm http cache https://registry.npmjs.org/typed-array-byte-length 225ms (cache hit)
npm http cache https://registry.npmjs.org/has-tostringtag 112ms (cache hit)
npm http cache https://registry.npmjs.org/typed-array-length 155ms (cache hit)
npm http cache https://registry.npmjs.org/typed-array-byte-offset 184ms (cache hit)
npm http cache https://registry.npmjs.org/unbox-primitive 160ms (cache hit)
npm http cache https://registry.npmjs.org/which-typed-array 149ms (cache hit)
npm http cache https://registry.npmjs.org/possible-typed-array-names 156ms (cache hit)
npm http cache https://registry.npmjs.org/is-symbol 164ms (cache hit)
npm http cache https://registry.npmjs.org/dunder-proto 156ms (cache hit)
npm http cache https://registry.npmjs.org/dunder-proto 166ms (cache hit)
npm http cache https://registry.npmjs.org/is-date-object 194ms (cache hit)
npm http cache https://registry.npmjs.org/is-document.all 192ms (cache hit)
npm http cache https://registry.npmjs.org/es-abstract-get 208ms (cache hit)
npm http cache https://registry.npmjs.org/functions-have-names 204ms (cache hit)
npm http cache https://registry.npmjs.org/side-channel 202ms (cache hit)
npm http cache https://registry.npmjs.org/set-function-name 196ms (cache hit)
npm http cache https://registry.npmjs.org/isarray 229ms (cache hit)
npm http cache https://registry.npmjs.org/isarray 242ms (cache hit)
npm http cache https://registry.npmjs.org/dunder-proto 227ms (cache hit)
npm http cache https://registry.npmjs.org/for-each 243ms (cache hit)
npm http cache https://registry.npmjs.org/reflect.getprototypeof 215ms (cache hit)
npm http cache https://registry.npmjs.org/for-each 252ms (cache hit)
npm http cache https://registry.npmjs.org/for-each 247ms (cache hit)
npm http cache https://registry.npmjs.org/for-each 224ms (cache hit)
npm http cache https://registry.npmjs.org/reflect.getprototypeof 268ms (cache hit)
npm http cache https://registry.npmjs.org/has-bigints 253ms (cache hit)
npm http cache https://registry.npmjs.org/which-boxed-primitive 251ms (cache hit)
npm http cache https://registry.npmjs.org/language-subtag-registry 74ms (cache hit)
npm http cache https://registry.npmjs.org/loose-envify 135ms (cache hit)
npm http cache https://registry.npmjs.org/react-is 167ms (cache hit)
npm http cache https://registry.npmjs.org/iterator.prototype 383ms (cache hit)
npm http cache https://registry.npmjs.org/object-assign 475ms (cache hit)
npm http cache https://registry.npmjs.org/zod 149ms (cache hit)
npm http cache https://registry.npmjs.org/@babel%2ftemplate 224ms (cache hit)
npm http cache https://registry.npmjs.org/@babel%2ftypes 251ms (cache hit)
npm http cache https://registry.npmjs.org/@babel%2fhelpers 261ms (cache hit)
npm http cache https://registry.npmjs.org/@babel%2fcode-frame 263ms (cache hit)
npm http cache https://registry.npmjs.org/@babel%2ftraverse 273ms (cache hit)
npm http cache https://registry.npmjs.org/@babel%2ftypes 268ms (cache hit)
npm http cache https://registry.npmjs.org/gensync 309ms (cache hit)
npm http cache https://registry.npmjs.org/@babel%2fhelper-compilation-targets 292ms (cache hit)
npm http cache https://registry.npmjs.org/@babel%2fhelper-module-transforms 314ms (cache hit)
npm http cache https://registry.npmjs.org/@babel%2fgenerator 329ms (cache hit)
npm http cache https://registry.npmjs.org/convert-source-map 352ms (cache hit)
npm http cache https://registry.npmjs.org/hermes-estree 167ms (cache hit)
npm http cache https://registry.npmjs.org/@babel%2fcompat-data 309ms (cache hit)
npm http cache https://registry.npmjs.org/js-tokens 333ms (cache hit)
npm http cache https://registry.npmjs.org/browserslist 334ms (cache hit)
npm http cache https://registry.npmjs.org/lru-cache 363ms (cache hit)
npm http cache https://registry.npmjs.org/@babel%2fhelper-validator-identifier 399ms (cache hit)
npm http cache https://registry.npmjs.org/jsesc 417ms (cache hit)
npm http cache https://registry.npmjs.org/@babel%2fhelper-module-imports 411ms (cache hit)
npm http cache https://registry.npmjs.org/@babel%2fhelper-validator-identifier 401ms (cache hit)
npm http cache https://registry.npmjs.org/@babel%2fhelper-validator-option 432ms (cache hit)
npm http cache https://registry.npmjs.org/@babel%2fhelper-string-parser 404ms (cache hit)
npm http cache https://registry.npmjs.org/@babel%2fhelper-globals 415ms (cache hit)
npm http cache https://registry.npmjs.org/@babel%2fhelper-validator-identifier 146ms (cache hit)
npm http cache https://registry.npmjs.org/node-releases 354ms (cache hit)
npm http cache https://registry.npmjs.org/caniuse-lite 387ms (cache hit)
npm http cache https://registry.npmjs.org/update-browserslist-db 425ms (cache hit)
npm http cache https://registry.npmjs.org/yallist 432ms (cache hit)
npm http cache https://registry.npmjs.org/electron-to-chromium 472ms (cache hit)
npm http cache https://registry.npmjs.org/escalade 48ms (cache hit)
npm http cache https://registry.npmjs.org/braces 64ms (cache hit)
npm http cache https://registry.npmjs.org/@nodelib%2ffs.scandir 71ms (cache hit)
npm http cache https://registry.npmjs.org/fastq 81ms (cache hit)
npm http cache https://registry.npmjs.org/reusify 65ms (cache hit)
npm http cache https://registry.npmjs.org/run-parallel 88ms (cache hit)
npm http cache https://registry.npmjs.org/queue-microtask 77ms (cache hit)
npm http cache https://registry.npmjs.org/keyv 109ms (cache hit)
npm http cache https://registry.npmjs.org/flatted 158ms (cache hit)
npm http cache https://registry.npmjs.org/p-locate 43ms (cache hit)
npm http cache https://registry.npmjs.org/json-buffer 85ms (cache hit)
npm http cache https://registry.npmjs.org/callsites 67ms (cache hit)
npm http cache https://registry.npmjs.org/side-channel-map 53ms (cache hit)
npm http cache https://registry.npmjs.org/side-channel-list 85ms (cache hit)
npm http cache https://registry.npmjs.org/side-channel-weakmap 86ms (cache hit)
npm http cache https://registry.npmjs.org/p-limit 87ms (cache hit)
npm http cache https://registry.npmjs.org/fill-range 51ms (cache hit)
npm http cache https://registry.npmjs.org/to-regex-range 150ms (cache hit)
npm http cache https://registry.npmjs.org/is-number 46ms (cache hit)
npm http cache https://registry.npmjs.org/balanced-match 50ms (cache hit)
npm http cache https://registry.npmjs.org/concat-map 77ms (cache hit)
npm http cache https://registry.npmjs.org/react 133ms (cache hit)
npm http cache https://registry.npmjs.org/@img%2fsharp-linux-x64 218ms (cache hit)
npm http cache https://registry.npmjs.org/@img%2fsharp-wasm32 232ms (cache hit)
npm http cache https://registry.npmjs.org/@img%2fsharp-linux-arm 237ms (cache hit)
npm http cache https://registry.npmjs.org/@img%2fcolour 248ms (cache hit)
npm http cache https://registry.npmjs.org/@img%2fsharp-darwin-x64 270ms (cache hit)
npm http cache https://registry.npmjs.org/@img%2fsharp-win32-ia32 276ms (cache hit)
npm http cache https://registry.npmjs.org/@img%2fsharp-win32-x64 286ms (cache hit)
npm http cache https://registry.npmjs.org/tslib 298ms (cache hit)
npm http cache https://registry.npmjs.org/@img%2fsharp-linux-arm64 315ms (cache hit)
npm http cache https://registry.npmjs.org/@img%2fsharp-linux-ppc64 339ms (cache hit)
npm http cache https://registry.npmjs.org/@img%2fsharp-linux-s390x 359ms (cache hit)
npm http cache https://registry.npmjs.org/@img%2fsharp-win32-arm64 265ms (cache hit)
npm http cache https://registry.npmjs.org/@img%2fsharp-darwin-arm64 263ms (cache hit)
npm http cache https://registry.npmjs.org/@img%2fsharp-linuxmusl-x64 260ms (cache hit)
npm http cache https://registry.npmjs.org/@img%2fsharp-libvips-darwin-x64 220ms (cache hit)
npm http cache https://registry.npmjs.org/@img%2fsharp-libvips-linux-arm 266ms (cache hit)
npm http cache https://registry.npmjs.org/@img%2fsharp-linux-riscv64 320ms (cache hit)
npm http cache https://registry.npmjs.org/@img%2fsharp-libvips-linux-arm64 222ms (cache hit)
npm http cache https://registry.npmjs.org/@img%2fsharp-libvips-linux-x64 292ms (cache hit)
npm http cache https://registry.npmjs.org/@img%2fsharp-libvips-linux-ppc64 233ms (cache hit)
npm http cache https://registry.npmjs.org/@img%2fsharp-linuxmusl-arm64 322ms (cache hit)
npm http cache https://registry.npmjs.org/@img%2fsharp-libvips-linux-s390x 227ms (cache hit)
npm http cache https://registry.npmjs.org/@img%2fsharp-libvips-darwin-arm64 160ms (cache hit)
npm http cache https://registry.npmjs.org/@img%2fsharp-libvips-linuxmusl-x64 140ms (cache hit)
npm http cache https://registry.npmjs.org/@img%2fsharp-libvips-linuxmusl-arm64 136ms (cache hit)
npm http cache https://registry.npmjs.org/@img%2fsharp-libvips-linux-riscv64 186ms (cache hit)
npm http cache https://registry.npmjs.org/client-only 134ms (cache hit)
npm http cache https://registry.npmjs.org/yocto-queue 44ms (cache hit)
npm http cache https://registry.npmjs.org/@napi-rs%2fcanvas-android-arm64 207ms (cache hit)
npm http cache https://registry.npmjs.org/@napi-rs%2fcanvas-win32-x64-msvc 216ms (cache hit)
npm http cache https://registry.npmjs.org/@napi-rs%2fcanvas-darwin-arm64 232ms (cache hit)
npm http cache https://registry.npmjs.org/@napi-rs%2fcanvas-linux-arm64-gnu 261ms (cache hit)
npm http cache https://registry.npmjs.org/@napi-rs%2fcanvas-darwin-x64 279ms (cache hit)
npm http cache https://registry.npmjs.org/@napi-rs%2fcanvas-linux-x64-musl 281ms (cache hit)
npm http cache https://registry.npmjs.org/@napi-rs%2fcanvas-linux-arm-gnueabihf 274ms (cache hit)
npm http cache https://registry.npmjs.org/@napi-rs%2fcanvas-linux-riscv64-gnu 286ms (cache hit)
npm http cache https://registry.npmjs.org/@napi-rs%2fcanvas-linux-x64-gnu 300ms (cache hit)
npm http cache https://registry.npmjs.org/@napi-rs%2fcanvas-linux-arm64-musl 305ms (cache hit)
npm http cache https://registry.npmjs.org/@emnapi%2fruntime 41ms (cache hit)
npm http cache https://registry.npmjs.org/which-builtin-type 41ms (cache hit)
npm http cache https://registry.npmjs.org/is-async-function 89ms (cache hit)
npm http cache https://registry.npmjs.org/is-generator-function 99ms (cache hit)
npm http cache https://registry.npmjs.org/is-finalizationregistry 109ms (cache hit)
npm http cache https://registry.npmjs.org/which-collection 107ms (cache hit)
npm http cache https://registry.npmjs.org/eslint 65ms (cache hit)
npm http cache https://registry.npmjs.org/@typescript-eslint%2ftypes 299ms (cache hit)
npm http cache https://registry.npmjs.org/@typescript-eslint%2fscope-manager 717ms (cache hit)
npm http cache https://registry.npmjs.org/@typescript-eslint%2fscope-manager 1074ms (cache hit)
npm http cache https://registry.npmjs.org/ts-api-utils 1364ms (cache hit)
npm http cache https://registry.npmjs.org/ts-api-utils 1377ms (cache hit)
npm http cache https://registry.npmjs.org/@typescript-eslint%2ftypes 1486ms (cache hit)
npm http cache https://registry.npmjs.org/@typescript-eslint%2ftype-utils 2286ms (cache hit)
npm http cache https://registry.npmjs.org/@typescript-eslint%2fvisitor-keys 2806ms (cache hit)
npm http cache https://registry.npmjs.org/@typescript-eslint%2fvisitor-keys 3201ms (cache hit)
npm http cache https://registry.npmjs.org/@typescript-eslint%2ftsconfig-utils 3668ms (cache hit)
npm http cache https://registry.npmjs.org/@typescript-eslint%2fvisitor-keys 3808ms (cache hit)
npm http cache https://registry.npmjs.org/@typescript-eslint%2fproject-service 3540ms (cache hit)
npm http cache https://registry.npmjs.org/@typescript-eslint%2ftsconfig-utils 31ms (cache hit)
npm http cache https://registry.npmjs.org/is-boolean-object 46ms (cache hit)
npm http cache https://registry.npmjs.org/is-bigint 57ms (cache hit)
npm http cache https://registry.npmjs.org/is-number-object 64ms (cache hit)
npm http cache https://registry.npmjs.org/@emnapi%2fcore 45ms (cache hit)
npm http cache https://registry.npmjs.org/@napi-rs%2fwasm-runtime 55ms (cache hit)
npm http cache https://registry.npmjs.org/@tybys%2fwasm-util 69ms (cache hit)
npm http cache https://registry.npmjs.org/@emnapi%2fwasi-threads 76ms (cache hit)
npm http cache https://registry.npmjs.org/generator-function 50ms (cache hit)
npm http cache https://registry.npmjs.org/async-function 58ms (cache hit)
npm http cache https://registry.npmjs.org/is-map 60ms (cache hit)
npm http cache https://registry.npmjs.org/is-weakset 67ms (cache hit)
npm http cache https://registry.npmjs.org/is-weakmap 76ms (cache hit)
npm http fetch POST 200 https://registry.npmjs.org/-/npm/v1/security/advisories/bulk 4055ms
npm http cache punycode@https://registry.npmjs.org/punycode/-/punycode-2.3.1.tgz 1ms (cache hit)
npm http cache @unrs/resolver-binding-win32-x64-msvc@https://registry.npmjs.org/@unrs/resolver-binding-win32-x64-msvc/-/resolver-binding-win32-x64-msvc-1.12.2.tgz 0ms (cache hit)
npm http cache buffer-from@https://registry.npmjs.org/buffer-from/-/buffer-from-1.1.2.tgz 0ms (cache hit)
npm http cache @types/json5@https://registry.npmjs.org/@types/json5/-/json5-0.0.29.tgz 0ms (cache hit)
npm http cache isarray@https://registry.npmjs.org/isarray/-/isarray-2.0.5.tgz 0ms (cache hit)
npm http cache has-flag@https://registry.npmjs.org/has-flag/-/has-flag-4.0.0.tgz 0ms (cache hit)
npm http cache queue-microtask@https://registry.npmjs.org/queue-microtask/-/queue-microtask-1.2.3.tgz 0ms (cache hit)
npm http cache @img/colour@https://registry.npmjs.org/@img/colour/-/colour-1.1.0.tgz 0ms (cache hit)
npm http cache strip-bom@https://registry.npmjs.org/strip-bom/-/strip-bom-3.0.0.tgz 0ms (cache hit)
npm http cache path-parse@https://registry.npmjs.org/path-parse/-/path-parse-1.0.7.tgz 0ms (cache hit)
npm http cache client-only@https://registry.npmjs.org/client-only/-/client-only-0.0.1.tgz 0ms (cache hit)
npm http cache object-assign@https://registry.npmjs.org/object-assign/-/object-assign-4.1.1.tgz 0ms (cache hit)
npm http cache @napi-rs/canvas@https://registry.npmjs.org/@napi-rs/canvas/-/canvas-0.1.80.tgz 0ms (cache hit)
npm http cache p-limit@https://registry.npmjs.org/p-limit/-/p-limit-3.1.0.tgz 0ms (cache hit)
npm http cache yocto-queue@https://registry.npmjs.org/yocto-queue/-/yocto-queue-0.1.0.tgz 0ms (cache hit)
npm http cache @napi-rs/canvas-win32-x64-msvc@https://registry.npmjs.org/@napi-rs/canvas-win32-x64-msvc/-/canvas-win32-x64-msvc-0.1.80.tgz 0ms (cache hit)
npm http cache fast-levenshtein@https://registry.npmjs.org/fast-levenshtein/-/fast-levenshtein-2.0.6.tgz 0ms (cache hit)
npm http cache word-wrap@https://registry.npmjs.org/word-wrap/-/word-wrap-1.2.5.tgz 0ms (cache hit)
npm http cache shebang-regex@https://registry.npmjs.org/shebang-regex/-/shebang-regex-3.0.0.tgz 0ms (cache hit)
npm http cache is-number@https://registry.npmjs.org/is-number/-/is-number-7.0.0.tgz 0ms (cache hit)
npm http cache callsites@https://registry.npmjs.org/callsites/-/callsites-3.1.0.tgz 1ms (cache hit)
npm http cache @next/swc-win32-x64-msvc@https://registry.npmjs.org/@next/swc-win32-x64-msvc/-/swc-win32-x64-msvc-16.2.12.tgz 0ms (cache hit)
npm http cache fill-range@https://registry.npmjs.org/fill-range/-/fill-range-7.1.1.tgz 0ms (cache hit)
npm http cache to-regex-range@https://registry.npmjs.org/to-regex-range/-/to-regex-range-5.0.1.tgz 0ms (cache hit)
npm http cache parent-module@https://registry.npmjs.org/parent-module/-/parent-module-1.0.1.tgz 0ms (cache hit)
npm http cache p-locate@https://registry.npmjs.org/p-locate/-/p-locate-5.0.0.tgz 0ms (cache hit)
npm http cache resolve-from@https://registry.npmjs.org/resolve-from/-/resolve-from-4.0.0.tgz 0ms (cache hit)
npm http cache yallist@https://registry.npmjs.org/yallist/-/yallist-3.1.1.tgz 0ms (cache hit)
npm http cache brace-expansion@https://registry.npmjs.org/brace-expansion/-/brace-expansion-1.1.18.tgz 0ms (cache hit)
npm http cache is-extglob@https://registry.npmjs.org/is-extglob/-/is-extglob-2.1.1.tgz 0ms (cache hit)
npm http cache locate-path@https://registry.npmjs.org/locate-path/-/locate-path-6.0.0.tgz 0ms (cache hit)
npm http cache lightningcss-win32-x64-msvc@https://registry.npmjs.org/lightningcss-win32-x64-msvc/-/lightningcss-win32-x64-msvc-1.32.0.tgz 0ms (cache hit)
npm http cache path-exists@https://registry.npmjs.org/path-exists/-/path-exists-4.0.0.tgz 0ms (cache hit)
npm http cache micromatch@https://registry.npmjs.org/micromatch/-/micromatch-4.0.8.tgz 0ms (cache hit)
npm http cache run-parallel@https://registry.npmjs.org/run-parallel/-/run-parallel-1.2.0.tgz 0ms (cache hit)
npm http cache merge2@https://registry.npmjs.org/merge2/-/merge2-1.4.1.tgz 0ms (cache hit)
npm http cache esrecurse@https://registry.npmjs.org/esrecurse/-/esrecurse-4.3.0.tgz 0ms (cache hit)
npm http cache acorn-jsx@https://registry.npmjs.org/acorn-jsx/-/acorn-jsx-5.3.2.tgz 0ms (cache hit)
npm http cache electron-to-chromium@https://registry.npmjs.org/electron-to-chromium/-/electron-to-chromium-1.5.403.tgz 0ms (cache hit)
npm http cache lru-cache@https://registry.npmjs.org/lru-cache/-/lru-cache-5.1.1.tgz 0ms (cache hit)
npm http cache picocolors@https://registry.npmjs.org/picocolors/-/picocolors-1.1.1.tgz 0ms (cache hit)
npm http cache js-tokens@https://registry.npmjs.org/js-tokens/-/js-tokens-4.0.0.tgz 0ms (cache hit)
npm http cache convert-source-map@https://registry.npmjs.org/convert-source-map/-/convert-source-map-2.0.0.tgz 0ms (cache hit)
npm http cache estraverse@https://registry.npmjs.org/estraverse/-/estraverse-5.3.0.tgz 0ms (cache hit)
npm http cache unrs-resolver@https://registry.npmjs.org/unrs-resolver/-/unrs-resolver-1.12.2.tgz 0ms (cache hit)
npm http cache @rtsao/scc@https://registry.npmjs.org/@rtsao/scc/-/scc-1.1.0.tgz 0ms (cache hit)
npm http cache shebang-command@https://registry.npmjs.org/shebang-command/-/shebang-command-2.0.0.tgz 0ms (cache hit)
npm http cache ms@https://registry.npmjs.org/ms/-/ms-2.1.3.tgz 0ms (cache hit)
npm http cache path-key@https://registry.npmjs.org/path-key/-/path-key-3.1.1.tgz 0ms (cache hit)
npm http cache color-name@https://registry.npmjs.org/color-name/-/color-name-1.1.4.tgz 0ms (cache hit)
npm http cache supports-color@https://registry.npmjs.org/supports-color/-/supports-color-7.2.0.tgz 0ms (cache hit)
npm http cache eslint-import-resolver-node@https://registry.npmjs.org/eslint-import-resolver-node/-/eslint-import-resolver-node-0.3.10.tgz 0ms (cache hit)
npm http cache color-convert@https://registry.npmjs.org/color-convert/-/color-convert-2.0.1.tgz 0ms (cache hit)
npm http cache ansi-styles@https://registry.npmjs.org/ansi-styles/-/ansi-styles-4.3.0.tgz 0ms (cache hit)
npm http cache strip-json-comments@https://registry.npmjs.org/strip-json-comments/-/strip-json-comments-3.1.1.tgz 0ms (cache hit)
npm http cache import-fresh@https://registry.npmjs.org/import-fresh/-/import-fresh-3.3.1.tgz 0ms (cache hit)
npm http cache natural-compare@https://registry.npmjs.org/natural-compare/-/natural-compare-1.4.0.tgz 0ms (cache hit)
npm http cache globals@https://registry.npmjs.org/globals/-/globals-14.0.0.tgz 0ms (cache hit)
npm http cache @types/json-schema@https://registry.npmjs.org/@types/json-schema/-/json-schema-7.0.15.tgz 0ms (cache hit)
npm http cache imurmurhash@https://registry.npmjs.org/imurmurhash/-/imurmurhash-0.1.4.tgz 0ms (cache hit)
npm http cache lodash.merge@https://registry.npmjs.org/lodash.merge/-/lodash.merge-4.6.2.tgz 0ms (cache hit)
npm http cache glob-parent@https://registry.npmjs.org/glob-parent/-/glob-parent-6.0.2.tgz 0ms (cache hit)
npm http cache minimatch@https://registry.npmjs.org/minimatch/-/minimatch-3.1.5.tgz 0ms (cache hit)
npm http cache find-up@https://registry.npmjs.org/find-up/-/find-up-5.0.0.tgz 0ms (cache hit)
npm http cache is-glob@https://registry.npmjs.org/is-glob/-/is-glob-4.0.3.tgz 0ms (cache hit)
npm http cache ignore@https://registry.npmjs.org/ignore/-/ignore-5.3.2.tgz 0ms (cache hit)
npm http cache file-entry-cache@https://registry.npmjs.org/file-entry-cache/-/file-entry-cache-8.0.0.tgz 0ms (cache hit)
npm http cache escape-string-regexp@https://registry.npmjs.org/escape-string-regexp/-/escape-string-regexp-4.0.0.tgz 0ms (cache hit)
npm http cache @types/estree@https://registry.npmjs.org/@types/estree/-/estree-1.0.9.tgz 0ms (cache hit)
npm http cache eslint-module-utils@https://registry.npmjs.org/eslint-module-utils/-/eslint-module-utils-2.14.0.tgz 0ms (cache hit)
npm http cache @eslint-community/eslint-utils@https://registry.npmjs.org/@eslint-community/eslint-utils/-/eslint-utils-4.10.1.tgz 0ms (cache hit)
npm http cache source-map-support@https://registry.npmjs.org/source-map-support/-/source-map-support-0.5.21.tgz 0ms (cache hit)
npm http cache @eslint-community/regexpp@https://registry.npmjs.org/@eslint-community/regexpp/-/regexpp-4.12.2.tgz 0ms (cache hit)
npm http cache graceful-fs@https://registry.npmjs.org/graceful-fs/-/graceful-fs-4.2.11.tgz 0ms (cache hit)
npm http cache @tailwindcss/oxide-win32-x64-msvc@https://registry.npmjs.org/@tailwindcss/oxide-win32-x64-msvc/-/oxide-win32-x64-msvc-4.3.3.tgz 0ms (cache hit)
npm http cache csstype@https://registry.npmjs.org/csstype/-/csstype-3.2.3.tgz 0ms (cache hit)
npm http cache @esbuild/win32-x64@https://registry.npmjs.org/@esbuild/win32-x64/-/win32-x64-0.25.12.tgz 1ms (cache hit)
npm http cache undici-types@https://registry.npmjs.org/undici-types/-/undici-types-6.21.0.tgz 0ms (cache hit)
npm http cache @nolyfill/is-core-module@https://registry.npmjs.org/@nolyfill/is-core-module/-/is-core-module-1.0.39.tgz 0ms (cache hit)
npm http cache @tailwindcss/oxide@https://registry.npmjs.org/@tailwindcss/oxide/-/oxide-4.3.3.tgz 0ms (cache hit)
npm http cache @alloc/quick-lru@https://registry.npmjs.org/@alloc/quick-lru/-/quick-lru-5.2.0.tgz 0ms (cache hit)
npm http cache ignore@https://registry.npmjs.org/ignore/-/ignore-7.0.6.tgz 0ms (cache hit)
npm http cache @types/better-sqlite3@https://registry.npmjs.org/@types/better-sqlite3/-/better-sqlite3-9.6.0.tgz 0ms (cache hit)
npm http cache glob-parent@https://registry.npmjs.org/glob-parent/-/glob-parent-5.1.2.tgz 0ms (cache hit)
npm http cache @esbuild/win32-x64@https://registry.npmjs.org/@esbuild/win32-x64/-/win32-x64-0.18.20.tgz 0ms (cache hit)
npm http cache @drizzle-team/brocli@https://registry.npmjs.org/@drizzle-team/brocli/-/brocli-0.10.2.tgz 0ms (cache hit)
npm http cache @esbuild/win32-x64@https://registry.npmjs.org/@esbuild/win32-x64/-/win32-x64-0.28.2.tgz 0ms (cache hit)
npm http cache loose-envify@https://registry.npmjs.org/loose-envify/-/loose-envify-1.4.0.tgz 1ms (cache hit)
npm http cache update-browserslist-db@https://registry.npmjs.org/update-browserslist-db/-/update-browserslist-db-1.3.0.tgz 0ms (cache hit)
npm http cache browserslist@https://registry.npmjs.org/browserslist/-/browserslist-4.28.8.tgz 0ms (cache hit)
npm http cache drizzle-kit@https://registry.npmjs.org/drizzle-kit/-/drizzle-kit-0.31.10.tgz 0ms (cache hit)
npm http cache globals@https://registry.npmjs.org/globals/-/globals-16.4.0.tgz 0ms (cache hit)
npm http cache is-weakset@https://registry.npmjs.org/is-weakset/-/is-weakset-2.0.4.tgz 0ms (cache hit)
npm http cache generator-function@https://registry.npmjs.org/generator-function/-/generator-function-2.0.1.tgz 0ms (cache hit)
npm http cache is-weakmap@https://registry.npmjs.org/is-weakmap/-/is-weakmap-2.0.2.tgz 0ms (cache hit)
npm http cache is-number-object@https://registry.npmjs.org/is-number-object/-/is-number-object-1.1.1.tgz 0ms (cache hit)
npm http cache is-bigint@https://registry.npmjs.org/is-bigint/-/is-bigint-1.1.0.tgz 0ms (cache hit)
npm http cache async-function@https://registry.npmjs.org/async-function/-/async-function-1.0.0.tgz 0ms (cache hit)
npm http cache escalade@https://registry.npmjs.org/escalade/-/escalade-3.2.0.tgz 1ms (cache hit)
npm http cache which-collection@https://registry.npmjs.org/which-collection/-/which-collection-1.0.2.tgz 0ms (cache hit)
npm http cache has-bigints@https://registry.npmjs.org/has-bigints/-/has-bigints-1.1.0.tgz 0ms (cache hit)
npm http cache is-async-function@https://registry.npmjs.org/is-async-function/-/is-async-function-2.1.1.tgz 0ms (cache hit)
npm http cache is-boolean-object@https://registry.npmjs.org/is-boolean-object/-/is-boolean-object-1.2.2.tgz 1ms (cache hit)
npm http cache is-map@https://registry.npmjs.org/is-map/-/is-map-2.0.3.tgz 0ms (cache hit)
npm http cache is-generator-function@https://registry.npmjs.org/is-generator-function/-/is-generator-function-1.1.2.tgz 0ms (cache hit)
npm http cache @typescript-eslint/visitor-keys@https://registry.npmjs.org/@typescript-eslint/visitor-keys/-/visitor-keys-8.66.0.tgz 0ms (cache hit)
npm http cache isexe@https://registry.npmjs.org/isexe/-/isexe-2.0.0.tgz 0ms (cache hit)
npm http cache which-boxed-primitive@https://registry.npmjs.org/which-boxed-primitive/-/which-boxed-primitive-1.1.1.tgz 0ms (cache hit)
npm http cache is-finalizationregistry@https://registry.npmjs.org/is-finalizationregistry/-/is-finalizationregistry-1.1.1.tgz 0ms (cache hit)
npm http cache @typescript-eslint/tsconfig-utils@https://registry.npmjs.org/@typescript-eslint/tsconfig-utils/-/tsconfig-utils-8.66.0.tgz 0ms (cache hit)
npm http cache @typescript-eslint/parser@https://registry.npmjs.org/@typescript-eslint/parser/-/parser-8.66.0.tgz 0ms (cache hit)
npm http cache @typescript-eslint/project-service@https://registry.npmjs.org/@typescript-eslint/project-service/-/project-service-8.66.0.tgz 0ms (cache hit)
npm http cache for-each@https://registry.npmjs.org/for-each/-/for-each-0.3.5.tgz 0ms (cache hit)
npm http cache which-builtin-type@https://registry.npmjs.org/which-builtin-type/-/which-builtin-type-1.2.1.tgz 0ms (cache hit)
npm http cache side-channel-map@https://registry.npmjs.org/side-channel-map/-/side-channel-map-1.0.1.tgz 0ms (cache hit)
npm http cache ts-api-utils@https://registry.npmjs.org/ts-api-utils/-/ts-api-utils-2.5.0.tgz 0ms (cache hit)
npm http cache source-map@https://registry.npmjs.org/source-map/-/source-map-0.6.1.tgz 1ms (cache hit)
npm http cache side-channel-list@https://registry.npmjs.org/side-channel-list/-/side-channel-list-1.0.1.tgz 0ms (cache hit)
npm http cache supports-preserve-symlinks-flag@https://registry.npmjs.org/supports-preserve-symlinks-flag/-/supports-preserve-symlinks-flag-1.0.0.tgz 0ms (cache hit)
npm http cache @img/sharp-win32-x64@https://registry.npmjs.org/@img/sharp-win32-x64/-/sharp-win32-x64-0.34.5.tgz 0ms (cache hit)
npm http cache react-is@https://registry.npmjs.org/react-is/-/react-is-16.13.1.tgz 0ms (cache hit)
npm http cache side-channel-weakmap@https://registry.npmjs.org/side-channel-weakmap/-/side-channel-weakmap-1.0.2.tgz 0ms (cache hit)
npm http cache minimist@https://registry.npmjs.org/minimist/-/minimist-1.2.8.tgz 0ms (cache hit)
npm http cache node-exports-info@https://registry.npmjs.org/node-exports-info/-/node-exports-info-1.6.2.tgz 1ms (cache hit)
npm http cache sharp@https://registry.npmjs.org/sharp/-/sharp-0.34.5.tgz 0ms (cache hit)
npm http cache tslib@https://registry.npmjs.org/tslib/-/tslib-2.8.1.tgz 0ms (cache hit)
npm http cache scheduler@https://registry.npmjs.org/scheduler/-/scheduler-0.27.0.tgz 0ms (cache hit)
npm http cache balanced-match@https://registry.npmjs.org/balanced-match/-/balanced-match-1.0.2.tgz 0ms (cache hit)
npm http cache deep-is@https://registry.npmjs.org/deep-is/-/deep-is-0.1.4.tgz 0ms (cache hit)
npm http cache concat-map@https://registry.npmjs.org/concat-map/-/concat-map-0.0.1.tgz 0ms (cache hit)
npm http cache braces@https://registry.npmjs.org/braces/-/braces-3.0.3.tgz 0ms (cache hit)
npm http cache type-check@https://registry.npmjs.org/type-check/-/type-check-0.4.0.tgz 0ms (cache hit)
npm http cache @next/env@https://registry.npmjs.org/@next/env/-/env-16.2.12.tgz 0ms (cache hit)
npm http cache prelude-ls@https://registry.npmjs.org/prelude-ls/-/prelude-ls-1.2.1.tgz 0ms (cache hit)
npm http cache side-channel@https://registry.npmjs.org/side-channel/-/side-channel-1.1.1.tgz 0ms (cache hit)
npm http cache resolve-pkg-maps@https://registry.npmjs.org/resolve-pkg-maps/-/resolve-pkg-maps-1.0.0.tgz 0ms (cache hit)
npm http cache detect-libc@https://registry.npmjs.org/detect-libc/-/detect-libc-2.1.2.tgz 0ms (cache hit)
npm http cache json-buffer@https://registry.npmjs.org/json-buffer/-/json-buffer-3.0.1.tgz 0ms (cache hit)
npm http cache functions-have-names@https://registry.npmjs.org/functions-have-names/-/functions-have-names-1.2.3.tgz 0ms (cache hit)
npm http cache flat-cache@https://registry.npmjs.org/flat-cache/-/flat-cache-4.0.1.tgz 0ms (cache hit)
npm http cache is-document.all@https://registry.npmjs.org/is-document.all/-/is-document.all-1.0.0.tgz 0ms (cache hit)
npm http cache keyv@https://registry.npmjs.org/keyv/-/keyv-4.5.4.tgz 0ms (cache hit)
npm http cache reflect.getprototypeof@https://registry.npmjs.org/reflect.getprototypeof/-/reflect.getprototypeof-1.0.10.tgz 0ms (cache hit)
npm http cache set-function-name@https://registry.npmjs.org/set-function-name/-/set-function-name-2.0.2.tgz 0ms (cache hit)
npm http cache picomatch@https://registry.npmjs.org/picomatch/-/picomatch-2.3.2.tgz 0ms (cache hit)
npm http cache dunder-proto@https://registry.npmjs.org/dunder-proto/-/dunder-proto-1.0.1.tgz 0ms (cache hit)
npm http cache argparse@https://registry.npmjs.org/argparse/-/argparse-2.0.1.tgz 0ms (cache hit)
npm http cache fastq@https://registry.npmjs.org/fastq/-/fastq-1.20.1.tgz 0ms (cache hit)
npm http cache @babel/helper-globals@https://registry.npmjs.org/@babel/helper-globals/-/helper-globals-7.29.7.tgz 0ms (cache hit)
npm http cache @babel/helper-module-imports@https://registry.npmjs.org/@babel/helper-module-imports/-/helper-module-imports-7.29.7.tgz 0ms (cache hit)
npm http cache @babel/helper-validator-option@https://registry.npmjs.org/@babel/helper-validator-option/-/helper-validator-option-7.29.7.tgz 0ms (cache hit)
npm http cache gensync@https://registry.npmjs.org/gensync/-/gensync-1.0.0-beta.2.tgz 0ms (cache hit)
npm http cache @babel/compat-data@https://registry.npmjs.org/@babel/compat-data/-/compat-data-7.29.7.tgz 0ms (cache hit)
npm http cache @babel/helper-compilation-targets@https://registry.npmjs.org/@babel/helper-compilation-targets/-/helper-compilation-targets-7.29.7.tgz 0ms (cache hit)
npm http cache @babel/helper-string-parser@https://registry.npmjs.org/@babel/helper-string-parser/-/helper-string-parser-7.29.7.tgz 0ms (cache hit)
npm http cache @babel/code-frame@https://registry.npmjs.org/@babel/code-frame/-/code-frame-7.29.7.tgz 0ms (cache hit)
npm http cache iterator.prototype@https://registry.npmjs.org/iterator.prototype/-/iterator.prototype-1.1.5.tgz 0ms (cache hit)
npm http cache @babel/helper-validator-identifier@https://registry.npmjs.org/@babel/helper-validator-identifier/-/helper-validator-identifier-7.29.7.tgz 0ms (cache hit)
npm http cache @babel/helper-module-transforms@https://registry.npmjs.org/@babel/helper-module-transforms/-/helper-module-transforms-7.29.7.tgz 0ms (cache hit)
npm http cache string.prototype.repeat@https://registry.npmjs.org/string.prototype.repeat/-/string.prototype.repeat-1.0.0.tgz 0ms (cache hit)
npm http cache object.entries@https://registry.npmjs.org/object.entries/-/object.entries-1.1.9.tgz 0ms (cache hit)
npm http cache zod-validation-error@https://registry.npmjs.org/zod-validation-error/-/zod-validation-error-4.0.2.tgz 0ms (cache hit)
npm http cache string.prototype.matchall@https://registry.npmjs.org/string.prototype.matchall/-/string.prototype.matchall-4.0.12.tgz 0ms (cache hit)
npm http cache array.prototype.findlast@https://registry.npmjs.org/array.prototype.findlast/-/array.prototype.findlast-1.2.5.tgz 0ms (cache hit)
npm http cache array.prototype.tosorted@https://registry.npmjs.org/array.prototype.tosorted/-/array.prototype.tosorted-1.1.4.tgz 0ms (cache hit)
npm http cache ast-types-flow@https://registry.npmjs.org/ast-types-flow/-/ast-types-flow-0.0.8.tgz 0ms (cache hit)
npm http cache prop-types@https://registry.npmjs.org/prop-types/-/prop-types-15.8.1.tgz 0ms (cache hit)
npm http cache damerau-levenshtein@https://registry.npmjs.org/damerau-levenshtein/-/damerau-levenshtein-1.0.8.tgz 0ms (cache hit)
npm http cache is-date-object@https://registry.npmjs.org/is-date-object/-/is-date-object-1.1.0.tgz 0ms (cache hit)
npm http cache is-symbol@https://registry.npmjs.org/is-symbol/-/is-symbol-1.1.1.tgz 0ms (cache hit)
npm http cache @babel/template@https://registry.npmjs.org/@babel/template/-/template-7.29.7.tgz 0ms (cache hit)
npm http cache possible-typed-array-names@https://registry.npmjs.org/possible-typed-array-names/-/possible-typed-array-names-1.1.0.tgz 0ms (cache hit)
npm http cache unbox-primitive@https://registry.npmjs.org/unbox-primitive/-/unbox-primitive-1.1.0.tgz 0ms (cache hit)
npm http cache language-tags@https://registry.npmjs.org/language-tags/-/language-tags-1.0.9.tgz 0ms (cache hit)
npm http cache which-typed-array@https://registry.npmjs.org/which-typed-array/-/which-typed-array-1.1.22.tgz 0ms (cache hit)
npm http cache emoji-regex@https://registry.npmjs.org/emoji-regex/-/emoji-regex-9.2.2.tgz 0ms (cache hit)
npm http cache stop-iteration-iterator@https://registry.npmjs.org/stop-iteration-iterator/-/stop-iteration-iterator-1.1.0.tgz 0ms (cache hit)
npm http cache typed-array-length@https://registry.npmjs.org/typed-array-length/-/typed-array-length-1.0.8.tgz 0ms (cache hit)
npm http cache typed-array-byte-length@https://registry.npmjs.org/typed-array-byte-length/-/typed-array-byte-length-1.0.3.tgz 0ms (cache hit)
npm http cache typed-array-buffer@https://registry.npmjs.org/typed-array-buffer/-/typed-array-buffer-1.0.3.tgz 0ms (cache hit)
npm http cache string.prototype.trim@https://registry.npmjs.org/string.prototype.trim/-/string.prototype.trim-1.2.11.tgz 1ms (cache hit)
npm http cache string.prototype.trimstart@https://registry.npmjs.org/string.prototype.trimstart/-/string.prototype.trimstart-1.0.8.tgz 0ms (cache hit)
npm http cache own-keys@https://registry.npmjs.org/own-keys/-/own-keys-1.0.2.tgz 0ms (cache hit)
npm http cache es-abstract-get@https://registry.npmjs.org/es-abstract-get/-/es-abstract-get-1.0.0.tgz 1ms (cache hit)
npm http cache safe-array-concat@https://registry.npmjs.org/safe-array-concat/-/safe-array-concat-1.1.4.tgz 1ms (cache hit)
npm http cache is-typed-array@https://registry.npmjs.org/is-typed-array/-/is-typed-array-1.1.15.tgz 0ms (cache hit)
npm http cache regexp.prototype.flags@https://registry.npmjs.org/regexp.prototype.flags/-/regexp.prototype.flags-1.5.4.tgz 0ms (cache hit)
npm http cache axe-core@https://registry.npmjs.org/axe-core/-/axe-core-4.13.0.tgz 0ms (cache hit)
npm http cache is-callable@https://registry.npmjs.org/is-callable/-/is-callable-1.2.7.tgz 0ms (cache hit)
npm http cache is-negative-zero@https://registry.npmjs.org/is-negative-zero/-/is-negative-zero-2.0.3.tgz 0ms (cache hit)
npm http cache set-proto@https://registry.npmjs.org/set-proto/-/set-proto-1.0.0.tgz 0ms (cache hit)
npm http cache is-regex@https://registry.npmjs.org/is-regex/-/is-regex-1.2.1.tgz 0ms (cache hit)
npm http cache is-weakref@https://registry.npmjs.org/is-weakref/-/is-weakref-1.1.1.tgz 0ms (cache hit)
npm http cache safe-push-apply@https://registry.npmjs.org/safe-push-apply/-/safe-push-apply-1.0.0.tgz 0ms (cache hit)
npm http cache object.assign@https://registry.npmjs.org/object.assign/-/object.assign-4.1.7.tgz 0ms (cache hit)
npm http cache is-array-buffer@https://registry.npmjs.org/is-array-buffer/-/is-array-buffer-3.0.5.tgz 0ms (cache hit)
npm http cache es-set-tostringtag@https://registry.npmjs.org/es-set-tostringtag/-/es-set-tostringtag-2.1.0.tgz 0ms (cache hit)
npm http cache is-set@https://registry.npmjs.org/is-set/-/is-set-2.0.3.tgz 0ms (cache hit)
npm http cache is-shared-array-buffer@https://registry.npmjs.org/is-shared-array-buffer/-/is-shared-array-buffer-1.0.4.tgz 0ms (cache hit)
npm http cache get-proto@https://registry.npmjs.org/get-proto/-/get-proto-1.0.1.tgz 0ms (cache hit)
npm http cache data-view-byte-offset@https://registry.npmjs.org/data-view-byte-offset/-/data-view-byte-offset-1.0.1.tgz 0ms (cache hit)
npm http cache internal-slot@https://registry.npmjs.org/internal-slot/-/internal-slot-1.1.0.tgz 0ms (cache hit)
npm http cache data-view-buffer@https://registry.npmjs.org/data-view-buffer/-/data-view-buffer-1.0.2.tgz 0ms (cache hit)
npm http cache get-symbol-description@https://registry.npmjs.org/get-symbol-description/-/get-symbol-description-1.1.0.tgz 0ms (cache hit)
npm http cache es-to-primitive@https://registry.npmjs.org/es-to-primitive/-/es-to-primitive-1.3.4.tgz 0ms (cache hit)
npm http cache has-property-descriptors@https://registry.npmjs.org/has-property-descriptors/-/has-property-descriptors-1.0.2.tgz 0ms (cache hit)
npm http cache function.prototype.name@https://registry.npmjs.org/function.prototype.name/-/function.prototype.name-1.2.0.tgz 0ms (cache hit)
npm http cache set-function-length@https://registry.npmjs.org/set-function-length/-/set-function-length-1.2.2.tgz 1ms (cache hit)
npm http cache array-buffer-byte-length@https://registry.npmjs.org/array-buffer-byte-length/-/array-buffer-byte-length-1.0.2.tgz 0ms (cache hit)
npm http cache define-data-property@https://registry.npmjs.org/define-data-property/-/define-data-property-1.1.4.tgz 0ms (cache hit)
npm http cache object-keys@https://registry.npmjs.org/object-keys/-/object-keys-1.1.1.tgz 0ms (cache hit)
npm http cache data-view-byte-length@https://registry.npmjs.org/data-view-byte-length/-/data-view-byte-length-1.0.2.tgz 0ms (cache hit)
npm http cache function-bind@https://registry.npmjs.org/function-bind/-/function-bind-1.1.2.tgz 0ms (cache hit)
npm http cache es-errors@https://registry.npmjs.org/es-errors/-/es-errors-1.3.0.tgz 0ms (cache hit)
npm http cache es-define-property@https://registry.npmjs.org/es-define-property/-/es-define-property-1.0.1.tgz 0ms (cache hit)
npm http cache gopd@https://registry.npmjs.org/gopd/-/gopd-1.2.0.tgz 0ms (cache hit)
npm http cache safe-regex-test@https://registry.npmjs.org/safe-regex-test/-/safe-regex-test-1.1.0.tgz 1ms (cache hit)
npm http cache is-data-view@https://registry.npmjs.org/is-data-view/-/is-data-view-1.0.2.tgz 0ms (cache hit)
npm http cache es-shim-unscopables@https://registry.npmjs.org/es-shim-unscopables/-/es-shim-unscopables-1.1.0.tgz 0ms (cache hit)
npm http cache available-typed-arrays@https://registry.npmjs.org/available-typed-arrays/-/available-typed-arrays-1.0.7.tgz 0ms (cache hit)
npm http cache get-intrinsic@https://registry.npmjs.org/get-intrinsic/-/get-intrinsic-1.3.0.tgz 0ms (cache hit)
npm http cache globalthis@https://registry.npmjs.org/globalthis/-/globalthis-1.0.4.tgz 0ms (cache hit)
npm http cache has-proto@https://registry.npmjs.org/has-proto/-/has-proto-1.2.0.tgz 0ms (cache hit)
npm http cache define-properties@https://registry.npmjs.org/define-properties/-/define-properties-1.2.1.tgz 0ms (cache hit)
npm http cache call-bind-apply-helpers@https://registry.npmjs.org/call-bind-apply-helpers/-/call-bind-apply-helpers-1.0.2.tgz 0ms (cache hit)
npm http cache call-bound@https://registry.npmjs.org/call-bound/-/call-bound-1.0.4.tgz 0ms (cache hit)
npm http cache es-object-atoms@https://registry.npmjs.org/es-object-atoms/-/es-object-atoms-1.1.2.tgz 0ms (cache hit)
npm http cache arraybuffer.prototype.slice@https://registry.npmjs.org/arraybuffer.prototype.slice/-/arraybuffer.prototype.slice-1.0.4.tgz 0ms (cache hit)
npm http cache is-string@https://registry.npmjs.org/is-string/-/is-string-1.1.1.tgz 0ms (cache hit)
npm http cache object.groupby@https://registry.npmjs.org/object.groupby/-/object.groupby-1.0.3.tgz 0ms (cache hit)
npm http cache string.prototype.trimend@https://registry.npmjs.org/string.prototype.trimend/-/string.prototype.trimend-1.0.10.tgz 0ms (cache hit)
npm http cache typed-array-byte-offset@https://registry.npmjs.org/typed-array-byte-offset/-/typed-array-byte-offset-1.0.4.tgz 0ms (cache hit)
npm http cache object.values@https://registry.npmjs.org/object.values/-/object.values-1.2.1.tgz 0ms (cache hit)
npm http cache doctrine@https://registry.npmjs.org/doctrine/-/doctrine-2.1.0.tgz 0ms (cache hit)
npm http cache object.fromentries@https://registry.npmjs.org/object.fromentries/-/object.fromentries-2.0.8.tgz 0ms (cache hit)
npm http cache math-intrinsics@https://registry.npmjs.org/math-intrinsics/-/math-intrinsics-1.1.0.tgz 0ms (cache hit)
npm http cache call-bind@https://registry.npmjs.org/call-bind/-/call-bind-1.0.9.tgz 0ms (cache hit)
npm http cache array.prototype.findlastindex@https://registry.npmjs.org/array.prototype.findlastindex/-/array.prototype.findlastindex-1.2.6.tgz 0ms (cache hit)
npm http cache hasown@https://registry.npmjs.org/hasown/-/hasown-2.0.4.tgz 0ms (cache hit)
npm http cache array.prototype.flatmap@https://registry.npmjs.org/array.prototype.flatmap/-/array.prototype.flatmap-1.3.3.tgz 0ms (cache hit)
npm http cache tinyglobby@https://registry.npmjs.org/tinyglobby/-/tinyglobby-0.2.17.tgz 0ms (cache hit)
npm http cache array.prototype.flat@https://registry.npmjs.org/array.prototype.flat/-/array.prototype.flat-1.3.3.tgz 0ms (cache hit)
npm http cache is-core-module@https://registry.npmjs.org/is-core-module/-/is-core-module-2.16.2.tgz 0ms (cache hit)
npm http cache stable-hash@https://registry.npmjs.org/stable-hash/-/stable-hash-0.0.5.tgz 0ms (cache hit)
npm http cache typescript-eslint@https://registry.npmjs.org/typescript-eslint/-/typescript-eslint-8.66.0.tgz 0ms (cache hit)
npm http cache is-bun-module@https://registry.npmjs.org/is-bun-module/-/is-bun-module-2.0.0.tgz 0ms (cache hit)
npm http cache array-includes@https://registry.npmjs.org/array-includes/-/array-includes-3.1.9.tgz 0ms (cache hit)
npm http cache eslint-plugin-react-hooks@https://registry.npmjs.org/eslint-plugin-react-hooks/-/eslint-plugin-react-hooks-7.1.1.tgz 0ms (cache hit)
npm http cache @humanfs/types@https://registry.npmjs.org/@humanfs/types/-/types-0.15.0.tgz 0ms (cache hit)
npm http cache @humanfs/core@https://registry.npmjs.org/@humanfs/core/-/core-0.19.2.tgz 0ms (cache hit)
npm http cache optionator@https://registry.npmjs.org/optionator/-/optionator-0.9.4.tgz 1ms (cache hit)
npm http cache levn@https://registry.npmjs.org/levn/-/levn-0.4.1.tgz 0ms (cache hit)
npm http cache fast-json-stable-stringify@https://registry.npmjs.org/fast-json-stable-stringify/-/fast-json-stable-stringify-2.1.0.tgz 0ms (cache hit)
npm http cache json-stable-stringify-without-jsonify@https://registry.npmjs.org/json-stable-stringify-without-jsonify/-/json-stable-stringify-without-jsonify-1.0.1.tgz 0ms (cache hit)
npm http cache esutils@https://registry.npmjs.org/esutils/-/esutils-2.0.3.tgz 1ms (cache hit)
npm http cache debug@https://registry.npmjs.org/debug/-/debug-4.4.3.tgz 0ms (cache hit)
npm http cache esquery@https://registry.npmjs.org/esquery/-/esquery-1.7.0.tgz 0ms (cache hit)
npm http cache eslint-import-resolver-typescript@https://registry.npmjs.org/eslint-import-resolver-typescript/-/eslint-import-resolver-typescript-3.10.1.tgz 0ms (cache hit)
npm http cache chalk@https://registry.npmjs.org/chalk/-/chalk-4.1.2.tgz 0ms (cache hit)
npm http cache espree@https://registry.npmjs.org/espree/-/espree-10.4.0.tgz 0ms (cache hit)
npm http cache fast-deep-equal@https://registry.npmjs.org/fast-deep-equal/-/fast-deep-equal-3.1.3.tgz 0ms (cache hit)
npm http cache eslint-visitor-keys@https://registry.npmjs.org/eslint-visitor-keys/-/eslint-visitor-keys-4.2.1.tgz 0ms (cache hit)
npm http cache @humanwhocodes/retry@https://registry.npmjs.org/@humanwhocodes/retry/-/retry-0.4.3.tgz 0ms (cache hit)
npm http cache @humanwhocodes/module-importer@https://registry.npmjs.org/@humanwhocodes/module-importer/-/module-importer-1.0.1.tgz 0ms (cache hit)
npm http cache @humanfs/node@https://registry.npmjs.org/@humanfs/node/-/node-0.16.8.tgz 0ms (cache hit)
npm http cache @esbuild-kit/core-utils@https://registry.npmjs.org/@esbuild-kit/core-utils/-/core-utils-3.3.2.tgz 0ms (cache hit)
npm http cache @esbuild-kit/esm-loader@https://registry.npmjs.org/@esbuild-kit/esm-loader/-/esm-loader-2.6.5.tgz 1ms (cache hit)
npm http cache node-addon-api@https://registry.npmjs.org/node-addon-api/-/node-addon-api-8.9.1.tgz 0ms (cache hit)
npm http cache eslint-scope@https://registry.npmjs.org/eslint-scope/-/eslint-scope-8.4.0.tgz 0ms (cache hit)
npm http cache tapable@https://registry.npmjs.org/tapable/-/tapable-2.3.3.tgz 0ms (cache hit)
npm http cache get-tsconfig@https://registry.npmjs.org/get-tsconfig/-/get-tsconfig-4.14.1.tgz 0ms (cache hit)
npm http cache source-map-js@https://registry.npmjs.org/source-map-js/-/source-map-js-1.2.1.tgz 0ms (cache hit)
npm http cache lightningcss@https://registry.npmjs.org/lightningcss/-/lightningcss-1.32.0.tgz 0ms (cache hit)
npm http cache @tailwindcss/node@https://registry.npmjs.org/@tailwindcss/node/-/node-4.3.3.tgz 0ms (cache hit)
npm http cache magic-string@https://registry.npmjs.org/magic-string/-/magic-string-0.30.21.tgz 0ms (cache hit)
npm http cache @jridgewell/trace-mapping@https://registry.npmjs.org/@jridgewell/trace-mapping/-/trace-mapping-0.3.31.tgz 0ms (cache hit)
npm http cache postcss@https://registry.npmjs.org/postcss/-/postcss-8.5.26.tgz 0ms (cache hit)
npm http cache @jridgewell/remapping@https://registry.npmjs.org/@jridgewell/remapping/-/remapping-2.3.5.tgz 0ms (cache hit)
npm http cache tailwindcss@https://registry.npmjs.org/tailwindcss/-/tailwindcss-4.3.3.tgz 0ms (cache hit)
npm http cache @jridgewell/sourcemap-codec@https://registry.npmjs.org/@jridgewell/sourcemap-codec/-/sourcemap-codec-1.5.5.tgz 0ms (cache hit)
npm http cache eslint-config-next@https://registry.npmjs.org/eslint-config-next/-/eslint-config-next-16.2.12.tgz 0ms (cache hit)
npm http cache react@https://registry.npmjs.org/react/-/react-19.2.4.tgz 0ms (cache hit)
npm http cache react-dom@https://registry.npmjs.org/react-dom/-/react-dom-19.2.4.tgz 0ms (cache hit)
npm http cache @types/react-dom@https://registry.npmjs.org/@types/react-dom/-/react-dom-19.2.4.tgz 0ms (cache hit)
npm http cache @types/react@https://registry.npmjs.org/@types/react/-/react-19.2.18.tgz 0ms (cache hit)
npm http cache @tailwindcss/postcss@https://registry.npmjs.org/@tailwindcss/postcss/-/postcss-4.3.3.tgz 0ms (cache hit)
npm http cache eslint-visitor-keys@https://registry.npmjs.org/eslint-visitor-keys/-/eslint-visitor-keys-5.0.1.tgz 0ms (cache hit)
npm http cache picomatch@https://registry.npmjs.org/picomatch/-/picomatch-4.0.5.tgz 0ms (cache hit)
npm http cache @types/node@https://registry.npmjs.org/@types/node/-/node-20.19.43.tgz 0ms (cache hit)
npm http cache debug@https://registry.npmjs.org/debug/-/debug-3.2.7.tgz 0ms (cache hit)
npm http cache debug@https://registry.npmjs.org/debug/-/debug-3.2.7.tgz 0ms (cache hit)
npm http cache debug@https://registry.npmjs.org/debug/-/debug-3.2.7.tgz 0ms (cache hit)
npm http cache fdir@https://registry.npmjs.org/fdir/-/fdir-6.5.0.tgz 0ms (cache hit)
npm http cache napi-postinstall@https://registry.npmjs.org/napi-postinstall/-/napi-postinstall-0.3.4.tgz 0ms (cache hit)
npm http cache eslint-visitor-keys@https://registry.npmjs.org/eslint-visitor-keys/-/eslint-visitor-keys-3.4.3.tgz 0ms (cache hit)
npm http cache nanoid@https://registry.npmjs.org/nanoid/-/nanoid-3.3.18.tgz 0ms (cache hit)
npm http cache acorn@https://registry.npmjs.org/acorn/-/acorn-8.18.0.tgz 0ms (cache hit)
npm http cache jsesc@https://registry.npmjs.org/jsesc/-/jsesc-3.1.0.tgz 0ms (cache hit)
npm http cache baseline-browser-mapping@https://registry.npmjs.org/baseline-browser-mapping/-/baseline-browser-mapping-2.11.13.tgz 0ms (cache hit)
npm http cache json5@https://registry.npmjs.org/json5/-/json5-2.2.3.tgz 0ms (cache hit)
npm http cache @babel/parser@https://registry.npmjs.org/@babel/parser/-/parser-7.29.8.tgz 0ms (cache hit)
npm http cache semver@https://registry.npmjs.org/semver/-/semver-6.3.1.tgz 0ms (cache hit)
npm http cache which@https://registry.npmjs.org/which/-/which-2.0.2.tgz 0ms (cache hit)
npm http cache postcss@https://registry.npmjs.org/postcss/-/postcss-8.4.31.tgz 0ms (cache hit)
npm http cache esbuild@https://registry.npmjs.org/esbuild/-/esbuild-0.25.12.tgz 0ms (cache hit)
npm http cache jiti@https://registry.npmjs.org/jiti/-/jiti-2.7.0.tgz 0ms (cache hit)
npm http cache bcryptjs@https://registry.npmjs.org/bcryptjs/-/bcryptjs-3.0.3.tgz 0ms (cache hit)
npm http cache semver@https://registry.npmjs.org/semver/-/semver-7.8.5.tgz 0ms (cache hit)
npm http cache semver@https://registry.npmjs.org/semver/-/semver-7.8.5.tgz 0ms (cache hit)
npm http cache semver@https://registry.npmjs.org/semver/-/semver-7.8.5.tgz 0ms (cache hit)
npm http cache esbuild@https://registry.npmjs.org/esbuild/-/esbuild-0.18.20.tgz 0ms (cache hit)
npm http cache json5@https://registry.npmjs.org/json5/-/json5-1.0.2.tgz 0ms (cache hit)
npm http cache esbuild@https://registry.npmjs.org/esbuild/-/esbuild-0.28.2.tgz 0ms (cache hit)
npm http cache @typescript-eslint/types@https://registry.npmjs.org/@typescript-eslint/types/-/types-8.66.0.tgz 0ms (cache hit)
npm http cache @typescript-eslint/scope-manager@https://registry.npmjs.org/@typescript-eslint/scope-manager/-/scope-manager-8.66.0.tgz 0ms (cache hit)
npm http cache @typescript-eslint/typescript-estree@https://registry.npmjs.org/@typescript-eslint/typescript-estree/-/typescript-estree-8.66.0.tgz 0ms (cache hit)
npm http cache @typescript-eslint/type-utils@https://registry.npmjs.org/@typescript-eslint/type-utils/-/type-utils-8.66.0.tgz 0ms (cache hit)
npm http cache styled-jsx@https://registry.npmjs.org/styled-jsx/-/styled-jsx-5.1.6.tgz 0ms (cache hit)
npm http cache hermes-estree@https://registry.npmjs.org/hermes-estree/-/hermes-estree-0.25.1.tgz 0ms (cache hit)
npm http cache language-subtag-registry@https://registry.npmjs.org/language-subtag-registry/-/language-subtag-registry-0.3.23.tgz 0ms (cache hit)
npm http cache reusify@https://registry.npmjs.org/reusify/-/reusify-1.1.0.tgz 0ms (cache hit)
npm http cache @nodelib/fs.walk@https://registry.npmjs.org/@nodelib/fs.walk/-/fs.walk-1.2.8.tgz 0ms (cache hit)
npm http cache @nodelib/fs.scandir@https://registry.npmjs.org/@nodelib/fs.scandir/-/fs.scandir-2.1.5.tgz 0ms (cache hit)
npm http cache node-releases@https://registry.npmjs.org/node-releases/-/node-releases-2.0.53.tgz 1ms (cache hit)
npm http cache @nodelib/fs.stat@https://registry.npmjs.org/@nodelib/fs.stat/-/fs.stat-2.0.5.tgz 0ms (cache hit)
npm http cache @swc/helpers@https://registry.npmjs.org/@swc/helpers/-/helpers-0.5.15.tgz 0ms (cache hit)
npm http cache hermes-parser@https://registry.npmjs.org/hermes-parser/-/hermes-parser-0.25.1.tgz 0ms (cache hit)
npm http cache es-iterator-helpers@https://registry.npmjs.org/es-iterator-helpers/-/es-iterator-helpers-1.4.0.tgz 0ms (cache hit)
npm http cache @babel/generator@https://registry.npmjs.org/@babel/generator/-/generator-7.29.8.tgz 0ms (cache hit)
npm http cache @babel/helpers@https://registry.npmjs.org/@babel/helpers/-/helpers-7.29.7.tgz 0ms (cache hit)
npm http cache string.prototype.includes@https://registry.npmjs.org/string.prototype.includes/-/string.prototype.includes-2.0.1.tgz 2ms (cache hit)
npm http cache object-inspect@https://registry.npmjs.org/object-inspect/-/object-inspect-1.13.4.tgz 0ms (cache hit)
npm http cache has-tostringtag@https://registry.npmjs.org/has-tostringtag/-/has-tostringtag-1.0.2.tgz 0ms (cache hit)
npm http cache has-symbols@https://registry.npmjs.org/has-symbols/-/has-symbols-1.1.0.tgz 0ms (cache hit)
npm http cache @next/eslint-plugin-next@https://registry.npmjs.org/@next/eslint-plugin-next/-/eslint-plugin-next-16.2.12.tgz 0ms (cache hit)
npm http cache eslint-plugin-import@https://registry.npmjs.org/eslint-plugin-import/-/eslint-plugin-import-2.32.0.tgz 0ms (cache hit)
npm http cache json-schema-traverse@https://registry.npmjs.org/json-schema-traverse/-/json-schema-traverse-0.4.1.tgz 0ms (cache hit)
npm http cache cross-spawn@https://registry.npmjs.org/cross-spawn/-/cross-spawn-7.0.6.tgz 0ms (cache hit)
npm http cache @eslint/object-schema@https://registry.npmjs.org/@eslint/object-schema/-/object-schema-2.1.7.tgz 0ms (cache hit)
npm http cache @eslint/js@https://registry.npmjs.org/@eslint/js/-/js-9.39.5.tgz 0ms (cache hit)
npm http cache @eslint/eslintrc@https://registry.npmjs.org/@eslint/eslintrc/-/eslintrc-3.3.6.tgz 0ms (cache hit)
npm http cache @eslint/plugin-kit@https://registry.npmjs.org/@eslint/plugin-kit/-/plugin-kit-0.4.1.tgz 0ms (cache hit)
npm http cache @eslint/config-helpers@https://registry.npmjs.org/@eslint/config-helpers/-/config-helpers-0.4.2.tgz 0ms (cache hit)
npm http cache @eslint/core@https://registry.npmjs.org/@eslint/core/-/core-0.17.0.tgz 0ms (cache hit)
npm http cache eslint-plugin-react@https://registry.npmjs.org/eslint-plugin-react/-/eslint-plugin-react-7.37.5.tgz 0ms (cache hit)
npm http cache @jridgewell/gen-mapping@https://registry.npmjs.org/@jridgewell/gen-mapping/-/gen-mapping-0.3.13.tgz 0ms (cache hit)
npm http cache @jridgewell/resolve-uri@https://registry.npmjs.org/@jridgewell/resolve-uri/-/resolve-uri-3.1.2.tgz 0ms (cache hit)
npm http cache ajv@https://registry.npmjs.org/ajv/-/ajv-6.15.0.tgz 0ms (cache hit)
npm http cache postgres@https://registry.npmjs.org/postgres/-/postgres-3.4.9.tgz 0ms (cache hit)
npm http cache enhanced-resolve@https://registry.npmjs.org/enhanced-resolve/-/enhanced-resolve-5.24.5.tgz 0ms (cache hit)
npm http cache better-sqlite3@https://registry.npmjs.org/better-sqlite3/-/better-sqlite3-13.0.3.tgz 0ms (cache hit)
npm http cache brace-expansion@https://registry.npmjs.org/brace-expansion/-/brace-expansion-5.0.9.tgz 0ms (cache hit)
npm http cache minimatch@https://registry.npmjs.org/minimatch/-/minimatch-10.2.6.tgz 0ms (cache hit)
npm http cache balanced-match@https://registry.npmjs.org/balanced-match/-/balanced-match-4.0.4.tgz 0ms (cache hit)
npm http cache js-yaml@https://registry.npmjs.org/js-yaml/-/js-yaml-4.3.1.tgz 0ms (cache hit)
npm http cache typescript@https://registry.npmjs.org/typescript/-/typescript-5.9.3.tgz 0ms (cache hit)
npm http cache @typescript-eslint/utils@https://registry.npmjs.org/@typescript-eslint/utils/-/utils-8.66.0.tgz 0ms (cache hit)
npm http cache flatted@https://registry.npmjs.org/flatted/-/flatted-3.4.4.tgz 0ms (cache hit)
npm http cache @babel/traverse@https://registry.npmjs.org/@babel/traverse/-/traverse-7.29.8.tgz 0ms (cache hit)
npm http cache @babel/types@https://registry.npmjs.org/@babel/types/-/types-7.29.8.tgz 0ms (cache hit)
npm http cache @babel/core@https://registry.npmjs.org/@babel/core/-/core-7.29.7.tgz 0ms (cache hit)
npm http cache jsx-ast-utils@https://registry.npmjs.org/jsx-ast-utils/-/jsx-ast-utils-3.3.5.tgz 0ms (cache hit)
npm http cache tsconfig-paths@https://registry.npmjs.org/tsconfig-paths/-/tsconfig-paths-3.15.0.tgz 0ms (cache hit)
npm http cache fast-glob@https://registry.npmjs.org/fast-glob/-/fast-glob-3.3.1.tgz 0ms (cache hit)
npm http cache axobject-query@https://registry.npmjs.org/axobject-query/-/axobject-query-4.1.0.tgz 0ms (cache hit)
npm http cache uri-js@https://registry.npmjs.org/uri-js/-/uri-js-4.4.1.tgz 0ms (cache hit)
npm http cache @eslint/config-array@https://registry.npmjs.org/@eslint/config-array/-/config-array-0.21.2.tgz 2ms (cache hit)
npm http cache @typescript-eslint/eslint-plugin@https://registry.npmjs.org/@typescript-eslint/eslint-plugin/-/eslint-plugin-8.66.0.tgz 0ms (cache hit)
npm http cache tsx@https://registry.npmjs.org/tsx/-/tsx-4.23.11.tgz 0ms (cache hit)
npm http cache eslint-plugin-jsx-a11y@https://registry.npmjs.org/eslint-plugin-jsx-a11y/-/eslint-plugin-jsx-a11y-6.10.2.tgz 1ms (cache hit)
npm http cache aria-query@https://registry.npmjs.org/aria-query/-/aria-query-5.3.2.tgz 0ms (cache hit)
npm http cache jose@https://registry.npmjs.org/jose/-/jose-6.2.8.tgz 0ms (cache hit)
npm http cache pdf-parse@https://registry.npmjs.org/pdf-parse/-/pdf-parse-2.4.5.tgz 0ms (cache hit)
npm http cache pdfjs-dist@https://registry.npmjs.org/pdfjs-dist/-/pdfjs-dist-5.4.296.tgz 0ms (cache hit)
npm http cache resolve@https://registry.npmjs.org/resolve/-/resolve-2.0.0-next.7.tgz 0ms (cache hit)
npm http cache eslint@https://registry.npmjs.org/eslint/-/eslint-9.39.5.tgz 0ms (cache hit)
npm http fetch GET 200 https://registry.npmjs.org/sharp 15433ms (cache revalidated)
npm http fetch GET 200 https://registry.npmjs.org/postcss 15468ms (cache revalidated)
npm http fetch GET 200 https://registry.npmjs.org/esbuild 15613ms (cache revalidated)
npm warn deprecated @esbuild-kit/esm-loader@2.6.5: Merged into tsx: https://tsx.hirok.io
npm warn deprecated @esbuild-kit/core-utils@3.3.2: Merged into tsx: https://tsx.hirok.io
npm http fetch GET 200 https://registry.npmjs.org/next 2761ms (cache revalidated)
npm http fetch GET 200 https://registry.npmjs.org/@esbuild-kit%2fcore-utils 2374ms (cache revalidated)
npm http fetch GET 200 https://registry.npmjs.org/@esbuild-kit%2fesm-loader 5421ms (cache revalidated)
npm http fetch GET 200 https://registry.npmjs.org/drizzle-kit 2486ms (cache revalidated)
npm verbose stack Error: ENOTEMPTY: directory not empty, rmdir 'C:\Users\User\Downloads\New Projects\bidently-starter\node_modules\caniuse-lite\data\regions'
npm error code ENOTEMPTY
npm error syscall rmdir
npm error path C:\Users\User\Downloads\New Projects\bidently-starter\node_modules\caniuse-lite\data\regions
npm error errno -4051
npm error ENOTEMPTY: directory not empty, rmdir 'C:\Users\User\Downloads\New Projects\bidently-starter\node_modules\caniuse-lite\data\regions'
npm verbose cwd C:\Users\User\Downloads\New Projects\bidently-starter
npm verbose os Windows_NT 10.0.26200
npm verbose node v24.19.0
npm verbose npm  v12.0.2
npm verbose exit -4051
npm verbose code -4051
npm error A complete log of this run can be found in: C:\Users\User\AppData\Local\npm-cache\_logs\2026-08-09T15_34_27_101Z-debug-0.log
