PASS — 3 chunk requests for a 33578-char document, 4 requirements after merge+dedupe, overlap correctly collapsed from 2 copies to 1.
